03:06:28 **** Incremental Build of configuration Debug for project hdmi_v6 ****
make all 
'Building target: hdmi_v6.elf'
'Invoking: MicroBlaze gcc linker'
mb-gcc -Wl,-T -Wl,../src/lscript.ld -L../../hdmi_v6_bsp/microblaze_0/lib -mlittle-endian -mxl-barrel-shift -mxl-pattern-compare -mno-xl-soft-div -mcpu=v9.6 -mno-xl-soft-mul -mxl-multiply-high -mhard-float -mxl-float-convert -mxl-float-sqrt -Wl,--no-relax -o "hdmi_v6.elf"  ./src/video_capture/video_capture.o  ./src/timer_ps/timer_ps.o  ./src/intc/intc.o  ./src/dynclk/dynclk.o  ./src/display_ctrl/display_ctrl.o  ./src/motor_lib.o ./src/puck_block.o ./src/strategy.o ./src/video_demo.o   -Wl,--start-group,-lxil,-lgcc,-lc,--end-group
./src/video_demo.o:(.data+0x0): multiple definition of `y_low'
./src/strategy.o:(.data+0x0): first defined here
./src/video_demo.o:(.data+0x4): multiple definition of `y_high'
./src/strategy.o:(.data+0x4): first defined here
collect2.exe: error: ld returned 1 exit status
make: *** [hdmi_v6.elf] Error 1
03:06:59 **** Auto Build of configuration Debug for project hdmi_v6 ****
make all 
'Building file: ../src/video_demo.c'
'Invoking: MicroBlaze gcc compiler'
mb-gcc -Wall -O0 -g3 -c -fmessage-length=0 -MT"src/video_demo.o" -I../../hdmi_v6_bsp/microblaze_0/include -mlittle-endian -mxl-barrel-shift -mxl-pattern-compare -mno-xl-soft-div -mcpu=v9.6 -mno-xl-soft-mul -mxl-multiply-high -mhard-float -mxl-float-convert -mxl-float-sqrt -Wl,--no-relax -MMD -MP -MF"src/video_demo.d" -MT"src/video_demo.o" -o "src/video_demo.o" "../src/video_demo.c"
../src/video_demo.c: In function 'main':
../src/video_demo.c:118:2: warning: implicit declaration of function 'puck_block_init' [-Wimplicit-function-declaration]
  puck_block_init();
  ^
../src/video_demo.c: In function 'DemoRun':
../src/video_demo.c:299:11: warning: format '%d' expects argument of type 'int', but argument 2 has type 'u32 {aka long unsigned int}' [-Wformat=]
    printf("%d", locked);
           ^
../src/video_demo.c:299:11: warning: format '%d' expects argument of type 'int', but argument 2 has type 'u32 {aka long unsigned int}' [-Wformat=]
../src/video_demo.c:303:4: warning: implicit declaration of function 'MB_Sleep' [-Wimplicit-function-declaration]
    MB_Sleep(50);
    ^
../src/video_demo.c: In function 'DemoPrintMenu':
../src/video_demo.c:323:9: warning: format '%d' expects argument of type 'int', but argument 2 has type 'u32 {aka long unsigned int}' [-Wformat=]
  printf("*Display Frame Index: %27d*\n\r", dispCtrl.curFrame);
         ^
../src/video_demo.c:323:9: warning: format '%d' expects argument of type 'int', but argument 2 has type 'u32 {aka long unsigned int}' [-Wformat=]
../src/video_demo.c:326:9: warning: format '%d' expects argument of type 'int', but argument 2 has type 'u32 {aka long unsigned int}' [-Wformat=]
  printf("*Video Frame Index: %29d*\n\r", videoCapt.curFrame);
         ^
../src/video_demo.c:326:9: warning: format '%d' expects argument of type 'int', but argument 2 has type 'u32 {aka long unsigned int}' [-Wformat=]
'Finished building: ../src/video_demo.c'
' '
'Building target: hdmi_v6.elf'
'Invoking: MicroBlaze gcc linker'
mb-gcc -Wl,-T -Wl,../src/lscript.ld -L../../hdmi_v6_bsp/microblaze_0/lib -mlittle-endian -mxl-barrel-shift -mxl-pattern-compare -mno-xl-soft-div -mcpu=v9.6 -mno-xl-soft-mul -mxl-multiply-high -mhard-float -mxl-float-convert -mxl-float-sqrt -Wl,--no-relax -o "hdmi_v6.elf"  ./src/video_capture/video_capture.o  ./src/timer_ps/timer_ps.o  ./src/intc/intc.o  ./src/dynclk/dynclk.o  ./src/display_ctrl/display_ctrl.o  ./src/motor_lib.o ./src/puck_block.o ./src/strategy.o ./src/video_demo.o   -Wl,--start-group,-lxil,-lgcc,-lc,--end-group
./src/video_demo.o:(.data+0x0): multiple definition of `y_low'
./src/strategy.o:(.data+0x0): first defined here
./src/video_demo.o:(.data+0x4): multiple definition of `y_high'
./src/strategy.o:(.data+0x4): first defined here
collect2.exe: error: ld returned 1 exit status
make: *** [hdmi_v6.elf] Error 1
03:08:13 **** Auto Build of configuration Debug for project hdmi_v6 ****
make all 
'Building file: ../src/strategy.c'
'Invoking: MicroBlaze gcc compiler'
mb-gcc -Wall -O0 -g3 -c -fmessage-length=0 -MT"src/strategy.o" -I../../hdmi_v6_bsp/microblaze_0/include -mlittle-endian -mxl-barrel-shift -mxl-pattern-compare -mno-xl-soft-div -mcpu=v9.6 -mno-xl-soft-mul -mxl-multiply-high -mhard-float -mxl-float-convert -mxl-float-sqrt -Wl,--no-relax -MMD -MP -MF"src/strategy.d" -MT"src/strategy.o" -o "src/strategy.o" "../src/strategy.c"
../src/strategy.c: In function 'do_work':
../src/strategy.c:18:11: warning: implicit declaration of function 'get_y_pos' [-Wimplicit-function-declaration]
   set_pos(get_y_pos());
           ^
../src/strategy.c:31:12: warning: implicit declaration of function 'get_x_pos' [-Wimplicit-function-declaration]
   x1_pos = get_x_pos();
            ^
../src/strategy.c:43:3: warning: implicit declaration of function 'printf' [-Wimplicit-function-declaration]
   printf("x_dir = %d, y_dir = %d \n",x1_pos, y1_pos);
   ^
../src/strategy.c:43:3: warning: incompatible implicit declaration of built-in function 'printf'
../src/strategy.c:43:3: note: include '<stdio.h>' or provide a declaration of 'printf'
../src/strategy.c:13:6: warning: variable 'i' set but not used [-Wunused-but-set-variable]
  int i;
      ^
../src/strategy.c:12:6: warning: variable 'avg' set but not used [-Wunused-but-set-variable]
  int avg;
      ^
../src/strategy.c:11:6: warning: unused variable 'speed' [-Wunused-variable]
  int speed;
      ^
../src/strategy.c:10:13: warning: unused variable 'y_dir' [-Wunused-variable]
  int x_dir, y_dir;
             ^
../src/strategy.c:10:6: warning: unused variable 'x_dir' [-Wunused-variable]
  int x_dir, y_dir;
      ^
../src/strategy.c:8:14: warning: unused variable 'y2_pos' [-Wunused-variable]
  int y1_pos, y2_pos;
              ^
../src/strategy.c:7:14: warning: unused variable 'x2_pos' [-Wunused-variable]
  int x1_pos, x2_pos;
              ^
'Finished building: ../src/strategy.c'
' '
'Building file: ../src/video_demo.c'
'Invoking: MicroBlaze gcc compiler'
mb-gcc -Wall -O0 -g3 -c -fmessage-length=0 -MT"src/video_demo.o" -I../../hdmi_v6_bsp/microblaze_0/include -mlittle-endian -mxl-barrel-shift -mxl-pattern-compare -mno-xl-soft-div -mcpu=v9.6 -mno-xl-soft-mul -mxl-multiply-high -mhard-float -mxl-float-convert -mxl-float-sqrt -Wl,--no-relax -MMD -MP -MF"src/video_demo.d" -MT"src/video_demo.o" -o "src/video_demo.o" "../src/video_demo.c"
../src/video_demo.c: In function 'main':
../src/video_demo.c:118:2: warning: implicit declaration of function 'puck_block_init' [-Wimplicit-function-declaration]
  puck_block_init();
  ^
../src/video_demo.c: In function 'DemoRun':
../src/video_demo.c:299:11: warning: format '%d' expects argument of type 'int', but argument 2 has type 'u32 {aka long unsigned int}' [-Wformat=]
    printf("%d", locked);
           ^
../src/video_demo.c:299:11: warning: format '%d' expects argument of type 'int', but argument 2 has type 'u32 {aka long unsigned int}' [-Wformat=]
../src/video_demo.c:303:4: warning: implicit declaration of function 'MB_Sleep' [-Wimplicit-function-declaration]
    MB_Sleep(50);
    ^
../src/video_demo.c: In function 'DemoPrintMenu':
../src/video_demo.c:323:9: warning: format '%d' expects argument of type 'int', but argument 2 has type 'u32 {aka long unsigned int}' [-Wformat=]
  printf("*Display Frame Index: %27d*\n\r", dispCtrl.curFrame);
         ^
../src/video_demo.c:323:9: warning: format '%d' expects argument of type 'int', but argument 2 has type 'u32 {aka long unsigned int}' [-Wformat=]
../src/video_demo.c:326:9: warning: format '%d' expects argument of type 'int', but argument 2 has type 'u32 {aka long unsigned int}' [-Wformat=]
  printf("*Video Frame Index: %29d*\n\r", videoCapt.curFrame);
         ^
../src/video_demo.c:326:9: warning: format '%d' expects argument of type 'int', but argument 2 has type 'u32 {aka long unsigned int}' [-Wformat=]
'Finished building: ../src/video_demo.c'
' '
'Building target: hdmi_v6.elf'
'Invoking: MicroBlaze gcc linker'
mb-gcc -Wl,-T -Wl,../src/lscript.ld -L../../hdmi_v6_bsp/microblaze_0/lib -mlittle-endian -mxl-barrel-shift -mxl-pattern-compare -mno-xl-soft-div -mcpu=v9.6 -mno-xl-soft-mul -mxl-multiply-high -mhard-float -mxl-float-convert -mxl-float-sqrt -Wl,--no-relax -o "hdmi_v6.elf"  ./src/video_capture/video_capture.o  ./src/timer_ps/timer_ps.o  ./src/intc/intc.o  ./src/dynclk/dynclk.o  ./src/display_ctrl/display_ctrl.o  ./src/motor_lib.o ./src/puck_block.o ./src/strategy.o ./src/video_demo.o   -Wl,--start-group,-lxil,-lgcc,-lc,--end-group
'Finished building target: hdmi_v6.elf'
' '
'Invoking: MicroBlaze Print Size'
mb-size hdmi_v6.elf  |tee "hdmi_v6.elf.size"
   text	   data	    bss	    dec	    hex	filename
 131244	   1840	18668908	18801992	11ee548	hdmi_v6.elf
'Finished building: hdmi_v6.elf.size'
' '
03:08:25 **** Auto Build of configuration Debug for project hdmi_v6 ****
make all 
'Building file: ../src/puck_block.c'
'Invoking: MicroBlaze gcc compiler'
mb-gcc -Wall -O0 -g3 -c -fmessage-length=0 -MT"src/puck_block.o" -I../../hdmi_v6_bsp/microblaze_0/include -mlittle-endian -mxl-barrel-shift -mxl-pattern-compare -mno-xl-soft-div -mcpu=v9.6 -mno-xl-soft-mul -mxl-multiply-high -mhard-float -mxl-float-convert -mxl-float-sqrt -Wl,--no-relax -MMD -MP -MF"src/puck_block.d" -MT"src/puck_block.o" -o "src/puck_block.o" "../src/puck_block.c"
'Finished building: ../src/puck_block.c'
' '
'Building target: hdmi_v6.elf'
'Invoking: MicroBlaze gcc linker'
mb-gcc -Wl,-T -Wl,../src/lscript.ld -L../../hdmi_v6_bsp/microblaze_0/lib -mlittle-endian -mxl-barrel-shift -mxl-pattern-compare -mno-xl-soft-div -mcpu=v9.6 -mno-xl-soft-mul -mxl-multiply-high -mhard-float -mxl-float-convert -mxl-float-sqrt -Wl,--no-relax -o "hdmi_v6.elf"  ./src/video_capture/video_capture.o  ./src/timer_ps/timer_ps.o  ./src/intc/intc.o  ./src/dynclk/dynclk.o  ./src/display_ctrl/display_ctrl.o  ./src/motor_lib.o ./src/puck_block.o ./src/strategy.o ./src/video_demo.o   -Wl,--start-group,-lxil,-lgcc,-lc,--end-group
'Finished building target: hdmi_v6.elf'
' '
'Invoking: MicroBlaze Print Size'
mb-size hdmi_v6.elf  |tee "hdmi_v6.elf.size"
   text	   data	    bss	    dec	    hex	filename
 131240	   1840	18668904	18801984	11ee540	hdmi_v6.elf
'Finished building: hdmi_v6.elf.size'
' '
03:09:27 **** Incremental Build of configuration Debug for project hdmi_v6 ****
make all 
make: Nothing to be done for `all'.
20:51:42 **** Incremental Build of configuration Debug for project hdmi_v6 ****
make all 
'Building file: ../src/strategy.c'
'Invoking: MicroBlaze gcc compiler'
mb-gcc -Wall -O0 -g3 -c -fmessage-length=0 -MT"src/strategy.o" -I../../hdmi_v6_bsp/microblaze_0/include -mlittle-endian -mxl-barrel-shift -mxl-pattern-compare -mno-xl-soft-div -mcpu=v9.6 -mno-xl-soft-mul -mxl-multiply-high -mhard-float -mxl-float-convert -mxl-float-sqrt -Wl,--no-relax -MMD -MP -MF"src/strategy.d" -MT"src/strategy.o" -o "src/strategy.o" "../src/strategy.c"
In file included from ../src/strategy.c:1:0:
../src/strategy.h:11:1: error: expected ',' or ';' before 'int'
 int x_high = 950
 ^
../src/strategy.c: In function 'predict_intercept':
../src/strategy.c:27:16: warning: implicit declaration of function 'abs' [-Wimplicit-function-declaration]
     y_target = abs(y_target);
                ^
../src/strategy.c: In function 'do_work':
../src/strategy.c:57:11: warning: implicit declaration of function 'get_y_pos' [-Wimplicit-function-declaration]
   set_pos(get_y_pos());
           ^
../src/strategy.c:69:12: warning: implicit declaration of function 'get_x_pos' [-Wimplicit-function-declaration]
   x1_pos = get_x_pos();
            ^
../src/strategy.c:71:3: warning: implicit declaration of function 'MB_Sleep' [-Wimplicit-function-declaration]
   MB_Sleep(10);
   ^
../src/strategy.c:75:33: error: 'x_high' undeclared (first use in this function)
   if(x1_pos < x_low || x1_pos > x_high || x2_pos < x_low || x2_pos > x_high) // check error conditions
                                 ^
../src/strategy.c:75:33: note: each undeclared identifier is reported only once for each function it appears in
../src/strategy.c:94:12: warning: implicit declaration of function 'sqrt' [-Wimplicit-function-declaration]
    speed = sqrt(x_dir*x_dir + y_dir*y_dir);
            ^
../src/strategy.c:94:12: warning: incompatible implicit declaration of built-in function 'sqrt'
../src/strategy.c:94:12: note: include '<math.h>' or provide a declaration of 'sqrt'
../src/strategy.c:47:6: warning: variable 'i' set but not used [-Wunused-but-set-variable]
  int i;
      ^
../src/strategy.c:46:6: warning: variable 'avg' set but not used [-Wunused-but-set-variable]
  int avg;
      ^
../src/strategy.c:45:6: warning: variable 'speed' set but not used [-Wunused-but-set-variable]
  int speed;
      ^
make: *** [src/strategy.o] Error 1
20:52:02 **** Auto Build of configuration Debug for project hdmi_v6 ****
make all 
'Building file: ../src/strategy.c'
'Invoking: MicroBlaze gcc compiler'
mb-gcc -Wall -O0 -g3 -c -fmessage-length=0 -MT"src/strategy.o" -I../../hdmi_v6_bsp/microblaze_0/include -mlittle-endian -mxl-barrel-shift -mxl-pattern-compare -mno-xl-soft-div -mcpu=v9.6 -mno-xl-soft-mul -mxl-multiply-high -mhard-float -mxl-float-convert -mxl-float-sqrt -Wl,--no-relax -MMD -MP -MF"src/strategy.d" -MT"src/strategy.o" -o "src/strategy.o" "../src/strategy.c"
../src/strategy.c: In function 'predict_intercept':
../src/strategy.c:27:16: warning: implicit declaration of function 'abs' [-Wimplicit-function-declaration]
     y_target = abs(y_target);
                ^
../src/strategy.c: In function 'do_work':
../src/strategy.c:57:11: warning: implicit declaration of function 'get_y_pos' [-Wimplicit-function-declaration]
   set_pos(get_y_pos());
           ^
../src/strategy.c:69:12: warning: implicit declaration of function 'get_x_pos' [-Wimplicit-function-declaration]
   x1_pos = get_x_pos();
            ^
../src/strategy.c:71:3: warning: implicit declaration of function 'MB_Sleep' [-Wimplicit-function-declaration]
   MB_Sleep(10);
   ^
../src/strategy.c:94:12: warning: implicit declaration of function 'sqrt' [-Wimplicit-function-declaration]
    speed = sqrt(x_dir*x_dir + y_dir*y_dir);
            ^
../src/strategy.c:94:12: warning: incompatible implicit declaration of built-in function 'sqrt'
../src/strategy.c:94:12: note: include '<math.h>' or provide a declaration of 'sqrt'
../src/strategy.c:47:6: warning: variable 'i' set but not used [-Wunused-but-set-variable]
  int i;
      ^
../src/strategy.c:46:6: warning: variable 'avg' set but not used [-Wunused-but-set-variable]
  int avg;
      ^
../src/strategy.c:45:6: warning: variable 'speed' set but not used [-Wunused-but-set-variable]
  int speed;
      ^
'Finished building: ../src/strategy.c'
' '
'Building file: ../src/video_demo.c'
'Invoking: MicroBlaze gcc compiler'
mb-gcc -Wall -O0 -g3 -c -fmessage-length=0 -MT"src/video_demo.o" -I../../hdmi_v6_bsp/microblaze_0/include -mlittle-endian -mxl-barrel-shift -mxl-pattern-compare -mno-xl-soft-div -mcpu=v9.6 -mno-xl-soft-mul -mxl-multiply-high -mhard-float -mxl-float-convert -mxl-float-sqrt -Wl,--no-relax -MMD -MP -MF"src/video_demo.d" -MT"src/video_demo.o" -o "src/video_demo.o" "../src/video_demo.c"
In file included from ../src/demo.h:35:0,
                 from ../src/video_demo.c:49:
../src/audio/audio.h:65:18: fatal error: xiic.h: No such file or directory
compilation terminated.
make: *** [src/video_demo.o] Error 1
20:55:40 **** Build of project hdmi_v6_bsp ****
make -k all 
"Running Make include in microblaze_0/libsrc/axidma_v9_2/src"
make -C microblaze_0/libsrc/axidma_v9_2/src -s include  "SHELL=CMD" "COMPILER=mb-gcc" "ARCHIVER=mb-ar" "COMPILER_FLAGS= -O2 -c -mcpu=v9.6 -mhard-float -mlittle-endian -mno-xl-soft-div -mno-xl-soft-mul -mxl-barrel-shift -mxl-float-convert -mxl-float-sqrt -mxl-multiply-high -mxl-pattern-compare" "EXTRA_COMPILER_FLAGS=-g"
"Running Make include in microblaze_0/libsrc/axivdma_v6_1/src"
make -C microblaze_0/libsrc/axivdma_v6_1/src -s include  "SHELL=CMD" "COMPILER=mb-gcc" "ARCHIVER=mb-ar" "COMPILER_FLAGS= -O2 -c -mcpu=v9.6 -mhard-float -mlittle-endian -mno-xl-soft-div -mno-xl-soft-mul -mxl-barrel-shift -mxl-float-convert -mxl-float-sqrt -mxl-multiply-high -mxl-pattern-compare" "EXTRA_COMPILER_FLAGS=-g"
"Running Make include in microblaze_0/libsrc/bram_v4_1/src"
make -C microblaze_0/libsrc/bram_v4_1/src -s include  "SHELL=CMD" "COMPILER=mb-gcc" "ARCHIVER=mb-ar" "COMPILER_FLAGS= -O2 -c -mcpu=v9.6 -mhard-float -mlittle-endian -mno-xl-soft-div -mno-xl-soft-mul -mxl-barrel-shift -mxl-float-convert -mxl-float-sqrt -mxl-multiply-high -mxl-pattern-compare" "EXTRA_COMPILER_FLAGS=-g"
"Running Make include in microblaze_0/libsrc/cpu_v2_5/src"
make -C microblaze_0/libsrc/cpu_v2_5/src -s include  "SHELL=CMD" "COMPILER=mb-gcc" "ARCHIVER=mb-ar" "COMPILER_FLAGS= -O2 -c -mcpu=v9.6 -mhard-float -mlittle-endian -mno-xl-soft-div -mno-xl-soft-mul -mxl-barrel-shift -mxl-float-convert -mxl-float-sqrt -mxl-multiply-high -mxl-pattern-compare" "EXTRA_COMPILER_FLAGS=-g"
"Running Make include in microblaze_0/libsrc/gpio_v4_1/src"
make -C microblaze_0/libsrc/gpio_v4_1/src -s include  "SHELL=CMD" "COMPILER=mb-gcc" "ARCHIVER=mb-ar" "COMPILER_FLAGS= -O2 -c -mcpu=v9.6 -mhard-float -mlittle-endian -mno-xl-soft-div -mno-xl-soft-mul -mxl-barrel-shift -mxl-float-convert -mxl-float-sqrt -mxl-multiply-high -mxl-pattern-compare" "EXTRA_COMPILER_FLAGS=-g"
"Running Make include in microblaze_0/libsrc/iic_v3_2/src"
make -C microblaze_0/libsrc/iic_v3_2/src -s include  "SHELL=CMD" "COMPILER=mb-gcc" "ARCHIVER=mb-ar" "COMPILER_FLAGS= -O2 -c -mcpu=v9.6 -mhard-float -mlittle-endian -mno-xl-soft-div -mno-xl-soft-mul -mxl-barrel-shift -mxl-float-convert -mxl-float-sqrt -mxl-multiply-high -mxl-pattern-compare" "EXTRA_COMPILER_FLAGS=-g"
"Running Make include in microblaze_0/libsrc/intc_v3_5/src"
make -C microblaze_0/libsrc/intc_v3_5/src -s include  "SHELL=CMD" "COMPILER=mb-gcc" "ARCHIVER=mb-ar" "COMPILER_FLAGS= -O2 -c -mcpu=v9.6 -mhard-float -mlittle-endian -mno-xl-soft-div -mno-xl-soft-mul -mxl-barrel-shift -mxl-float-convert -mxl-float-sqrt -mxl-multiply-high -mxl-pattern-compare" "EXTRA_COMPILER_FLAGS=-g"
"Running Make include in microblaze_0/libsrc/motor_ip_mar27_v1_0/src"
make -C microblaze_0/libsrc/motor_ip_mar27_v1_0/src -s include  "SHELL=CMD" "COMPILER=mb-gcc" "ARCHIVER=mb-ar" "COMPILER_FLAGS= -O2 -c -mcpu=v9.6 -mhard-float -mlittle-endian -mno-xl-soft-div -mno-xl-soft-mul -mxl-barrel-shift -mxl-float-convert -mxl-float-sqrt -mxl-multiply-high -mxl-pattern-compare" "EXTRA_COMPILER_FLAGS=-g"
"Running Make include in microblaze_0/libsrc/packaged_joystick_v1_0/src"
make -C microblaze_0/libsrc/packaged_joystick_v1_0/src -s include  "SHELL=CMD" "COMPILER=mb-gcc" "ARCHIVER=mb-ar" "COMPILER_FLAGS= -O2 -c -mcpu=v9.6 -mhard-float -mlittle-endian -mno-xl-soft-div -mno-xl-soft-mul -mxl-barrel-shift -mxl-float-convert -mxl-float-sqrt -mxl-multiply-high -mxl-pattern-compare" "EXTRA_COMPILER_FLAGS=-g"
"Running Make include in microblaze_0/libsrc/stable_puck_detection_v1_0/src"
make -C microblaze_0/libsrc/stable_puck_detection_v1_0/src -s include  "SHELL=CMD" "COMPILER=mb-gcc" "ARCHIVER=mb-ar" "COMPILER_FLAGS= -O2 -c -mcpu=v9.6 -mhard-float -mlittle-endian -mno-xl-soft-div -mno-xl-soft-mul -mxl-barrel-shift -mxl-float-convert -mxl-float-sqrt -mxl-multiply-high -mxl-pattern-compare" "EXTRA_COMPILER_FLAGS=-g"
"Running Make include in microblaze_0/libsrc/standalone_v5_5/src"
make -C microblaze_0/libsrc/standalone_v5_5/src -s include  "SHELL=CMD" "COMPILER=mb-gcc" "ARCHIVER=mb-ar" "COMPILER_FLAGS= -O2 -c -mcpu=v9.6 -mhard-float -mlittle-endian -mno-xl-soft-div -mno-xl-soft-mul -mxl-barrel-shift -mxl-float-convert -mxl-float-sqrt -mxl-multiply-high -mxl-pattern-compare" "EXTRA_COMPILER_FLAGS=-g"
"Running Make include in microblaze_0/libsrc/tmrctr_v4_1/src"
make -C microblaze_0/libsrc/tmrctr_v4_1/src -s include  "SHELL=CMD" "COMPILER=mb-gcc" "ARCHIVER=mb-ar" "COMPILER_FLAGS= -O2 -c -mcpu=v9.6 -mhard-float -mlittle-endian -mno-xl-soft-div -mno-xl-soft-mul -mxl-barrel-shift -mxl-float-convert -mxl-float-sqrt -mxl-multiply-high -mxl-pattern-compare" "EXTRA_COMPILER_FLAGS=-g"
"Running Make include in microblaze_0/libsrc/uartlite_v3_2/src"
make -C microblaze_0/libsrc/uartlite_v3_2/src -s include  "SHELL=CMD" "COMPILER=mb-gcc" "ARCHIVER=mb-ar" "COMPILER_FLAGS= -O2 -c -mcpu=v9.6 -mhard-float -mlittle-endian -mno-xl-soft-div -mno-xl-soft-mul -mxl-barrel-shift -mxl-float-convert -mxl-float-sqrt -mxl-multiply-high -mxl-pattern-compare" "EXTRA_COMPILER_FLAGS=-g"
"Running Make include in microblaze_0/libsrc/vtc_v7_1/src"
make -C microblaze_0/libsrc/vtc_v7_1/src -s include  "SHELL=CMD" "COMPILER=mb-gcc" "ARCHIVER=mb-ar" "COMPILER_FLAGS= -O2 -c -mcpu=v9.6 -mhard-float -mlittle-endian -mno-xl-soft-div -mno-xl-soft-mul -mxl-barrel-shift -mxl-float-convert -mxl-float-sqrt -mxl-multiply-high -mxl-pattern-compare" "EXTRA_COMPILER_FLAGS=-g"
"Running Make libs in microblaze_0/libsrc/axidma_v9_2/src"
make -C microblaze_0/libsrc/axidma_v9_2/src -s libs  "SHELL=CMD" "COMPILER=mb-gcc" "ARCHIVER=mb-ar" "COMPILER_FLAGS= -O2 -c -mcpu=v9.6 -mhard-float -mlittle-endian -mno-xl-soft-div -mno-xl-soft-mul -mxl-barrel-shift -mxl-float-convert -mxl-float-sqrt -mxl-multiply-high -mxl-pattern-compare" "EXTRA_COMPILER_FLAGS=-g"
"Compiling axidma"
mb-ar: creating ../../../lib/libxil.a
"Running Make libs in microblaze_0/libsrc/axivdma_v6_1/src"
make -C microblaze_0/libsrc/axivdma_v6_1/src -s libs  "SHELL=CMD" "COMPILER=mb-gcc" "ARCHIVER=mb-ar" "COMPILER_FLAGS= -O2 -c -mcpu=v9.6 -mhard-float -mlittle-endian -mno-xl-soft-div -mno-xl-soft-mul -mxl-barrel-shift -mxl-float-convert -mxl-float-sqrt -mxl-multiply-high -mxl-pattern-compare" "EXTRA_COMPILER_FLAGS=-g"
"Compiling axivdma"
"Running Make libs in microblaze_0/libsrc/bram_v4_1/src"
make -C microblaze_0/libsrc/bram_v4_1/src -s libs  "SHELL=CMD" "COMPILER=mb-gcc" "ARCHIVER=mb-ar" "COMPILER_FLAGS= -O2 -c -mcpu=v9.6 -mhard-float -mlittle-endian -mno-xl-soft-div -mno-xl-soft-mul -mxl-barrel-shift -mxl-float-convert -mxl-float-sqrt -mxl-multiply-high -mxl-pattern-compare" "EXTRA_COMPILER_FLAGS=-g"
"Compiling bram"
"Running Make libs in microblaze_0/libsrc/cpu_v2_5/src"
make -C microblaze_0/libsrc/cpu_v2_5/src -s libs  "SHELL=CMD" "COMPILER=mb-gcc" "ARCHIVER=mb-ar" "COMPILER_FLAGS= -O2 -c -mcpu=v9.6 -mhard-float -mlittle-endian -mno-xl-soft-div -mno-xl-soft-mul -mxl-barrel-shift -mxl-float-convert -mxl-float-sqrt -mxl-multiply-high -mxl-pattern-compare" "EXTRA_COMPILER_FLAGS=-g"
"Compiling cpu"
"Running Make libs in microblaze_0/libsrc/gpio_v4_1/src"
make -C microblaze_0/libsrc/gpio_v4_1/src -s libs  "SHELL=CMD" "COMPILER=mb-gcc" "ARCHIVER=mb-ar" "COMPILER_FLAGS= -O2 -c -mcpu=v9.6 -mhard-float -mlittle-endian -mno-xl-soft-div -mno-xl-soft-mul -mxl-barrel-shift -mxl-float-convert -mxl-float-sqrt -mxl-multiply-high -mxl-pattern-compare" "EXTRA_COMPILER_FLAGS=-g"
"Compiling gpio"
"Running Make libs in microblaze_0/libsrc/iic_v3_2/src"
make -C microblaze_0/libsrc/iic_v3_2/src -s libs  "SHELL=CMD" "COMPILER=mb-gcc" "ARCHIVER=mb-ar" "COMPILER_FLAGS= -O2 -c -mcpu=v9.6 -mhard-float -mlittle-endian -mno-xl-soft-div -mno-xl-soft-mul -mxl-barrel-shift -mxl-float-convert -mxl-float-sqrt -mxl-multiply-high -mxl-pattern-compare" "EXTRA_COMPILER_FLAGS=-g"
"Compiling iic"
"Running Make libs in microblaze_0/libsrc/intc_v3_5/src"
make -C microblaze_0/libsrc/intc_v3_5/src -s libs  "SHELL=CMD" "COMPILER=mb-gcc" "ARCHIVER=mb-ar" "COMPILER_FLAGS= -O2 -c -mcpu=v9.6 -mhard-float -mlittle-endian -mno-xl-soft-div -mno-xl-soft-mul -mxl-barrel-shift -mxl-float-convert -mxl-float-sqrt -mxl-multiply-high -mxl-pattern-compare" "EXTRA_COMPILER_FLAGS=-g"
"Compiling intc"
"Running Make libs in microblaze_0/libsrc/motor_ip_mar27_v1_0/src"
make -C microblaze_0/libsrc/motor_ip_mar27_v1_0/src -s libs  "SHELL=CMD" "COMPILER=mb-gcc" "ARCHIVER=mb-ar" "COMPILER_FLAGS= -O2 -c -mcpu=v9.6 -mhard-float -mlittle-endian -mno-xl-soft-div -mno-xl-soft-mul -mxl-barrel-shift -mxl-float-convert -mxl-float-sqrt -mxl-multiply-high -mxl-pattern-compare" "EXTRA_COMPILER_FLAGS=-g"
"Compiling motor_ip_mar27..."
"Running Make libs in microblaze_0/libsrc/packaged_joystick_v1_0/src"
make -C microblaze_0/libsrc/packaged_joystick_v1_0/src -s libs  "SHELL=CMD" "COMPILER=mb-gcc" "ARCHIVER=mb-ar" "COMPILER_FLAGS= -O2 -c -mcpu=v9.6 -mhard-float -mlittle-endian -mno-xl-soft-div -mno-xl-soft-mul -mxl-barrel-shift -mxl-float-convert -mxl-float-sqrt -mxl-multiply-high -mxl-pattern-compare" "EXTRA_COMPILER_FLAGS=-g"
"Compiling packaged_joystick..."
"Running Make libs in microblaze_0/libsrc/stable_puck_detection_v1_0/src"
make -C microblaze_0/libsrc/stable_puck_detection_v1_0/src -s libs  "SHELL=CMD" "COMPILER=mb-gcc" "ARCHIVER=mb-ar" "COMPILER_FLAGS= -O2 -c -mcpu=v9.6 -mhard-float -mlittle-endian -mno-xl-soft-div -mno-xl-soft-mul -mxl-barrel-shift -mxl-float-convert -mxl-float-sqrt -mxl-multiply-high -mxl-pattern-compare" "EXTRA_COMPILER_FLAGS=-g"
"Compiling stable_puck_detection..."
"Running Make libs in microblaze_0/libsrc/standalone_v5_5/src"
make -C microblaze_0/libsrc/standalone_v5_5/src -s libs  "SHELL=CMD" "COMPILER=mb-gcc" "ARCHIVER=mb-ar" "COMPILER_FLAGS= -O2 -c -mcpu=v9.6 -mhard-float -mlittle-endian -mno-xl-soft-div -mno-xl-soft-mul -mxl-barrel-shift -mxl-float-convert -mxl-float-sqrt -mxl-multiply-high -mxl-pattern-compare" "EXTRA_COMPILER_FLAGS=-g"
"Compiling standalone";
"Running Make libs in microblaze_0/libsrc/tmrctr_v4_1/src"
make -C microblaze_0/libsrc/tmrctr_v4_1/src -s libs  "SHELL=CMD" "COMPILER=mb-gcc" "ARCHIVER=mb-ar" "COMPILER_FLAGS= -O2 -c -mcpu=v9.6 -mhard-float -mlittle-endian -mno-xl-soft-div -mno-xl-soft-mul -mxl-barrel-shift -mxl-float-convert -mxl-float-sqrt -mxl-multiply-high -mxl-pattern-compare" "EXTRA_COMPILER_FLAGS=-g"
"Compiling tmrctr"
"Running Make libs in microblaze_0/libsrc/uartlite_v3_2/src"
make -C microblaze_0/libsrc/uartlite_v3_2/src -s libs  "SHELL=CMD" "COMPILER=mb-gcc" "ARCHIVER=mb-ar" "COMPILER_FLAGS= -O2 -c -mcpu=v9.6 -mhard-float -mlittle-endian -mno-xl-soft-div -mno-xl-soft-mul -mxl-barrel-shift -mxl-float-convert -mxl-float-sqrt -mxl-multiply-high -mxl-pattern-compare" "EXTRA_COMPILER_FLAGS=-g"
"Compiling uartlite"
"Running Make libs in microblaze_0/libsrc/vtc_v7_1/src"
make -C microblaze_0/libsrc/vtc_v7_1/src -s libs  "SHELL=CMD" "COMPILER=mb-gcc" "ARCHIVER=mb-ar" "COMPILER_FLAGS= -O2 -c -mcpu=v9.6 -mhard-float -mlittle-endian -mno-xl-soft-div -mno-xl-soft-mul -mxl-barrel-shift -mxl-float-convert -mxl-float-sqrt -mxl-multiply-high -mxl-pattern-compare" "EXTRA_COMPILER_FLAGS=-g"
"Compiling video timing controller"
'Finished building libraries'

**** Build of configuration Debug for project hdmi_v6 ****

Nothing to build for project hdmi_v6
20:58:56 **** Auto Build of configuration Debug for project hdmi_v6 ****
make all 
'Building file: ../src/video_capture/video_capture.c'
'Invoking: MicroBlaze gcc compiler'
mb-gcc -Wall -O0 -g3 -c -fmessage-length=0 -MT"src/video_capture/video_capture.o" -I../../hdmi_v6_bsp/microblaze_0/include -mlittle-endian -mxl-barrel-shift -mxl-pattern-compare -mno-xl-soft-div -mcpu=v9.6 -mno-xl-soft-mul -mxl-multiply-high -mhard-float -mxl-float-convert -mxl-float-sqrt -Wl,--no-relax -MMD -MP -MF"src/video_capture/video_capture.d" -MT"src/video_capture/video_capture.o" -o "src/video_capture/video_capture.o" "../src/video_capture/video_capture.c"
'Finished building: ../src/video_capture/video_capture.c'
' '
'Building file: ../src/userio/userio.c'
'Invoking: MicroBlaze gcc compiler'
mb-gcc -Wall -O0 -g3 -c -fmessage-length=0 -MT"src/userio/userio.o" -I../../hdmi_v6_bsp/microblaze_0/include -mlittle-endian -mxl-barrel-shift -mxl-pattern-compare -mno-xl-soft-div -mcpu=v9.6 -mno-xl-soft-mul -mxl-multiply-high -mhard-float -mxl-float-convert -mxl-float-sqrt -Wl,--no-relax -MMD -MP -MF"src/userio/userio.d" -MT"src/userio/userio.o" -o "src/userio/userio.o" "../src/userio/userio.c"
'Finished building: ../src/userio/userio.c'
' '
'Building file: ../src/timer_ps/timer_ps.c'
'Invoking: MicroBlaze gcc compiler'
mb-gcc -Wall -O0 -g3 -c -fmessage-length=0 -MT"src/timer_ps/timer_ps.o" -I../../hdmi_v6_bsp/microblaze_0/include -mlittle-endian -mxl-barrel-shift -mxl-pattern-compare -mno-xl-soft-div -mcpu=v9.6 -mno-xl-soft-mul -mxl-multiply-high -mhard-float -mxl-float-convert -mxl-float-sqrt -Wl,--no-relax -MMD -MP -MF"src/timer_ps/timer_ps.d" -MT"src/timer_ps/timer_ps.o" -o "src/timer_ps/timer_ps.o" "../src/timer_ps/timer_ps.c"
'Finished building: ../src/timer_ps/timer_ps.c'
' '
'Building file: ../src/intc/intc.c'
'Invoking: MicroBlaze gcc compiler'
mb-gcc -Wall -O0 -g3 -c -fmessage-length=0 -MT"src/intc/intc.o" -I../../hdmi_v6_bsp/microblaze_0/include -mlittle-endian -mxl-barrel-shift -mxl-pattern-compare -mno-xl-soft-div -mcpu=v9.6 -mno-xl-soft-mul -mxl-multiply-high -mhard-float -mxl-float-convert -mxl-float-sqrt -Wl,--no-relax -MMD -MP -MF"src/intc/intc.d" -MT"src/intc/intc.o" -o "src/intc/intc.o" "../src/intc/intc.c"
'Finished building: ../src/intc/intc.c'
' '
'Building file: ../src/iic/iic.c'
'Invoking: MicroBlaze gcc compiler'
mb-gcc -Wall -O0 -g3 -c -fmessage-length=0 -MT"src/iic/iic.o" -I../../hdmi_v6_bsp/microblaze_0/include -mlittle-endian -mxl-barrel-shift -mxl-pattern-compare -mno-xl-soft-div -mcpu=v9.6 -mno-xl-soft-mul -mxl-multiply-high -mhard-float -mxl-float-convert -mxl-float-sqrt -Wl,--no-relax -MMD -MP -MF"src/iic/iic.d" -MT"src/iic/iic.o" -o "src/iic/iic.o" "../src/iic/iic.c"
'Finished building: ../src/iic/iic.c'
' '
'Building file: ../src/dynclk/dynclk.c'
'Invoking: MicroBlaze gcc compiler'
mb-gcc -Wall -O0 -g3 -c -fmessage-length=0 -MT"src/dynclk/dynclk.o" -I../../hdmi_v6_bsp/microblaze_0/include -mlittle-endian -mxl-barrel-shift -mxl-pattern-compare -mno-xl-soft-div -mcpu=v9.6 -mno-xl-soft-mul -mxl-multiply-high -mhard-float -mxl-float-convert -mxl-float-sqrt -Wl,--no-relax -MMD -MP -MF"src/dynclk/dynclk.d" -MT"src/dynclk/dynclk.o" -o "src/dynclk/dynclk.o" "../src/dynclk/dynclk.c"
'Finished building: ../src/dynclk/dynclk.c'
' '
'Building file: ../src/dma/dma.c'
'Invoking: MicroBlaze gcc compiler'
mb-gcc -Wall -O0 -g3 -c -fmessage-length=0 -MT"src/dma/dma.o" -I../../hdmi_v6_bsp/microblaze_0/include -mlittle-endian -mxl-barrel-shift -mxl-pattern-compare -mno-xl-soft-div -mcpu=v9.6 -mno-xl-soft-mul -mxl-multiply-high -mhard-float -mxl-float-convert -mxl-float-sqrt -Wl,--no-relax -MMD -MP -MF"src/dma/dma.d" -MT"src/dma/dma.o" -o "src/dma/dma.o" "../src/dma/dma.c"
../src/dma/dma.c: In function 'fnConfigDma':
../src/dma/dma.c:154:11: warning: format '%d' expects a matching 'int' argument [-Wformat=]
    printf("\r\nInitialization failed %d");
           ^
../src/dma/dma.c:154:11: warning: format '%d' expects a matching 'int' argument [-Wformat=]
'Finished building: ../src/dma/dma.c'
' '
'Building file: ../src/display_ctrl/display_ctrl.c'
'Invoking: MicroBlaze gcc compiler'
mb-gcc -Wall -O0 -g3 -c -fmessage-length=0 -MT"src/display_ctrl/display_ctrl.o" -I../../hdmi_v6_bsp/microblaze_0/include -mlittle-endian -mxl-barrel-shift -mxl-pattern-compare -mno-xl-soft-div -mcpu=v9.6 -mno-xl-soft-mul -mxl-multiply-high -mhard-float -mxl-float-convert -mxl-float-sqrt -Wl,--no-relax -MMD -MP -MF"src/display_ctrl/display_ctrl.d" -MT"src/display_ctrl/display_ctrl.o" -o "src/display_ctrl/display_ctrl.o" "../src/display_ctrl/display_ctrl.c"
'Finished building: ../src/display_ctrl/display_ctrl.c'
' '
'Building file: ../src/audio/audio.c'
'Invoking: MicroBlaze gcc compiler'
mb-gcc -Wall -O0 -g3 -c -fmessage-length=0 -MT"src/audio/audio.o" -I../../hdmi_v6_bsp/microblaze_0/include -mlittle-endian -mxl-barrel-shift -mxl-pattern-compare -mno-xl-soft-div -mcpu=v9.6 -mno-xl-soft-mul -mxl-multiply-high -mhard-float -mxl-float-convert -mxl-float-sqrt -Wl,--no-relax -MMD -MP -MF"src/audio/audio.d" -MT"src/audio/audio.o" -o "src/audio/audio.o" "../src/audio/audio.c"
../src/audio/audio.c: In function 'fnAudioRecord':
../src/audio/audio.c:634:11: warning: format '%d' expects argument of type 'int', but argument 2 has type 'u32 {aka long unsigned int}' [-Wformat=]
    printf("\n fail @ rec; ERROR: %d", uTransferVariable.l);
           ^
../src/audio/audio.c:634:11: warning: format '%d' expects argument of type 'int', but argument 2 has type 'u32 {aka long unsigned int}' [-Wformat=]
../src/audio/audio.c: In function 'fnAudioPlay':
../src/audio/audio.c:676:11: warning: format '%d' expects argument of type 'int', but argument 2 has type 'u32 {aka long unsigned int}' [-Wformat=]
    printf("\n fail @ play; ERROR: %d", uTransferVariable.l);
           ^
../src/audio/audio.c:676:11: warning: format '%d' expects argument of type 'int', but argument 2 has type 'u32 {aka long unsigned int}' [-Wformat=]
'Finished building: ../src/audio/audio.c'
' '
'Building file: ../src/demo.c'
'Invoking: MicroBlaze gcc compiler'
mb-gcc -Wall -O0 -g3 -c -fmessage-length=0 -MT"src/demo.o" -I../../hdmi_v6_bsp/microblaze_0/include -mlittle-endian -mxl-barrel-shift -mxl-pattern-compare -mno-xl-soft-div -mcpu=v9.6 -mno-xl-soft-mul -mxl-multiply-high -mhard-float -mxl-float-convert -mxl-float-sqrt -Wl,--no-relax -MMD -MP -MF"src/demo.d" -MT"src/demo.o" -o "src/demo.o" "../src/demo.c"
'Finished building: ../src/demo.c'
' '
'Building file: ../src/motor_lib.c'
'Invoking: MicroBlaze gcc compiler'
mb-gcc -Wall -O0 -g3 -c -fmessage-length=0 -MT"src/motor_lib.o" -I../../hdmi_v6_bsp/microblaze_0/include -mlittle-endian -mxl-barrel-shift -mxl-pattern-compare -mno-xl-soft-div -mcpu=v9.6 -mno-xl-soft-mul -mxl-multiply-high -mhard-float -mxl-float-convert -mxl-float-sqrt -Wl,--no-relax -MMD -MP -MF"src/motor_lib.d" -MT"src/motor_lib.o" -o "src/motor_lib.o" "../src/motor_lib.c"
../src/motor_lib.c:7:0: warning: "XPAR_MOTOR_IP_MAR27_0_S00_AXI_BASEADDR" redefined
 #define XPAR_MOTOR_IP_MAR27_0_S00_AXI_BASEADDR 0x44a50000
 ^
In file included from ../src/motor_lib.c:4:0:
../../hdmi_v6_bsp/microblaze_0/include/xparameters.h:867:0: note: this is the location of the previous definition
 #define XPAR_MOTOR_IP_MAR27_0_S00_AXI_BASEADDR 0x44A50000
 ^
../src/motor_lib.c: In function 'init_motor':
../src/motor_lib.c:13:2: warning: implicit declaration of function 'printf' [-Wimplicit-function-declaration]
  printf("reset pass\n");
  ^
../src/motor_lib.c:13:2: warning: incompatible implicit declaration of built-in function 'printf'
../src/motor_lib.c:13:2: note: include '<stdio.h>' or provide a declaration of 'printf'
'Finished building: ../src/motor_lib.c'
' '
'Building file: ../src/platform.c'
'Invoking: MicroBlaze gcc compiler'
mb-gcc -Wall -O0 -g3 -c -fmessage-length=0 -MT"src/platform.o" -I../../hdmi_v6_bsp/microblaze_0/include -mlittle-endian -mxl-barrel-shift -mxl-pattern-compare -mno-xl-soft-div -mcpu=v9.6 -mno-xl-soft-mul -mxl-multiply-high -mhard-float -mxl-float-convert -mxl-float-sqrt -Wl,--no-relax -MMD -MP -MF"src/platform.d" -MT"src/platform.o" -o "src/platform.o" "../src/platform.c"
'Finished building: ../src/platform.c'
' '
'Building file: ../src/puck_block.c'
'Invoking: MicroBlaze gcc compiler'
mb-gcc -Wall -O0 -g3 -c -fmessage-length=0 -MT"src/puck_block.o" -I../../hdmi_v6_bsp/microblaze_0/include -mlittle-endian -mxl-barrel-shift -mxl-pattern-compare -mno-xl-soft-div -mcpu=v9.6 -mno-xl-soft-mul -mxl-multiply-high -mhard-float -mxl-float-convert -mxl-float-sqrt -Wl,--no-relax -MMD -MP -MF"src/puck_block.d" -MT"src/puck_block.o" -o "src/puck_block.o" "../src/puck_block.c"
../src/puck_block.c:4:34: fatal error: puck_detection_block.h: No such file or directory
compilation terminated.
make: *** [src/puck_block.o] Error 1
20:59:27 **** Auto Build of configuration Debug for project hdmi_v6 ****
make all 
'Building file: ../src/puck_block.c'
'Invoking: MicroBlaze gcc compiler'
mb-gcc -Wall -O0 -g3 -c -fmessage-length=0 -MT"src/puck_block.o" -I../../hdmi_v6_bsp/microblaze_0/include -mlittle-endian -mxl-barrel-shift -mxl-pattern-compare -mno-xl-soft-div -mcpu=v9.6 -mno-xl-soft-mul -mxl-multiply-high -mhard-float -mxl-float-convert -mxl-float-sqrt -Wl,--no-relax -MMD -MP -MF"src/puck_block.d" -MT"src/puck_block.o" -o "src/puck_block.o" "../src/puck_block.c"
../src/puck_block.c: In function 'set_h_start':
../src/puck_block.c:19:2: warning: implicit declaration of function 'PUCK_DETECTION_BLOCK_mWriteReg' [-Wimplicit-function-declaration]
  PUCK_DETECTION_BLOCK_mWriteReg(XPAR_PUCK_DETECTION_BLOCK_0_S00_AXI_BASEADDR, PUCK_DETECTION_BLOCK_S00_AXI_SLV_REG0_OFFSET, val);
  ^
../src/puck_block.c:19:33: error: 'XPAR_PUCK_DETECTION_BLOCK_0_S00_AXI_BASEADDR' undeclared (first use in this function)
  PUCK_DETECTION_BLOCK_mWriteReg(XPAR_PUCK_DETECTION_BLOCK_0_S00_AXI_BASEADDR, PUCK_DETECTION_BLOCK_S00_AXI_SLV_REG0_OFFSET, val);
                                 ^
../src/puck_block.c:19:33: note: each undeclared identifier is reported only once for each function it appears in
../src/puck_block.c:19:79: error: 'PUCK_DETECTION_BLOCK_S00_AXI_SLV_REG0_OFFSET' undeclared (first use in this function)
  PUCK_DETECTION_BLOCK_mWriteReg(XPAR_PUCK_DETECTION_BLOCK_0_S00_AXI_BASEADDR, PUCK_DETECTION_BLOCK_S00_AXI_SLV_REG0_OFFSET, val);
                                                                               ^
../src/puck_block.c: In function 'set_h_stop':
../src/puck_block.c:23:33: error: 'XPAR_PUCK_DETECTION_BLOCK_0_S00_AXI_BASEADDR' undeclared (first use in this function)
  PUCK_DETECTION_BLOCK_mWriteReg(XPAR_PUCK_DETECTION_BLOCK_0_S00_AXI_BASEADDR, PUCK_DETECTION_BLOCK_S00_AXI_SLV_REG1_OFFSET, val);
                                 ^
../src/puck_block.c:23:79: error: 'PUCK_DETECTION_BLOCK_S00_AXI_SLV_REG1_OFFSET' undeclared (first use in this function)
  PUCK_DETECTION_BLOCK_mWriteReg(XPAR_PUCK_DETECTION_BLOCK_0_S00_AXI_BASEADDR, PUCK_DETECTION_BLOCK_S00_AXI_SLV_REG1_OFFSET, val);
                                                                               ^
../src/puck_block.c: In function 'set_v_start':
../src/puck_block.c:28:33: error: 'XPAR_PUCK_DETECTION_BLOCK_0_S00_AXI_BASEADDR' undeclared (first use in this function)
  PUCK_DETECTION_BLOCK_mWriteReg(XPAR_PUCK_DETECTION_BLOCK_0_S00_AXI_BASEADDR, PUCK_DETECTION_BLOCK_S00_AXI_SLV_REG2_OFFSET, val);
                                 ^
../src/puck_block.c:28:79: error: 'PUCK_DETECTION_BLOCK_S00_AXI_SLV_REG2_OFFSET' undeclared (first use in this function)
  PUCK_DETECTION_BLOCK_mWriteReg(XPAR_PUCK_DETECTION_BLOCK_0_S00_AXI_BASEADDR, PUCK_DETECTION_BLOCK_S00_AXI_SLV_REG2_OFFSET, val);
                                                                               ^
../src/puck_block.c: In function 'set_v_stop':
../src/puck_block.c:33:33: error: 'XPAR_PUCK_DETECTION_BLOCK_0_S00_AXI_BASEADDR' undeclared (first use in this function)
  PUCK_DETECTION_BLOCK_mWriteReg(XPAR_PUCK_DETECTION_BLOCK_0_S00_AXI_BASEADDR, PUCK_DETECTION_BLOCK_S00_AXI_SLV_REG3_OFFSET, val);
                                 ^
../src/puck_block.c:33:79: error: 'PUCK_DETECTION_BLOCK_S00_AXI_SLV_REG3_OFFSET' undeclared (first use in this function)
  PUCK_DETECTION_BLOCK_mWriteReg(XPAR_PUCK_DETECTION_BLOCK_0_S00_AXI_BASEADDR, PUCK_DETECTION_BLOCK_S00_AXI_SLV_REG3_OFFSET, val);
                                                                               ^
../src/puck_block.c: In function 'set_threshold':
../src/puck_block.c:38:33: error: 'XPAR_PUCK_DETECTION_BLOCK_0_S00_AXI_BASEADDR' undeclared (first use in this function)
  PUCK_DETECTION_BLOCK_mWriteReg(XPAR_PUCK_DETECTION_BLOCK_0_S00_AXI_BASEADDR, PUCK_DETECTION_BLOCK_S00_AXI_SLV_REG4_OFFSET, thres);
                                 ^
../src/puck_block.c:38:79: error: 'PUCK_DETECTION_BLOCK_S00_AXI_SLV_REG4_OFFSET' undeclared (first use in this function)
  PUCK_DETECTION_BLOCK_mWriteReg(XPAR_PUCK_DETECTION_BLOCK_0_S00_AXI_BASEADDR, PUCK_DETECTION_BLOCK_S00_AXI_SLV_REG4_OFFSET, thres);
                                                                               ^
../src/puck_block.c: In function 'set_pixel_count':
../src/puck_block.c:43:33: error: 'XPAR_PUCK_DETECTION_BLOCK_0_S00_AXI_BASEADDR' undeclared (first use in this function)
  PUCK_DETECTION_BLOCK_mWriteReg(XPAR_PUCK_DETECTION_BLOCK_0_S00_AXI_BASEADDR, PUCK_DETECTION_BLOCK_S00_AXI_SLV_REG5_OFFSET, p_count);
                                 ^
../src/puck_block.c:43:79: error: 'PUCK_DETECTION_BLOCK_S00_AXI_SLV_REG5_OFFSET' undeclared (first use in this function)
  PUCK_DETECTION_BLOCK_mWriteReg(XPAR_PUCK_DETECTION_BLOCK_0_S00_AXI_BASEADDR, PUCK_DETECTION_BLOCK_S00_AXI_SLV_REG5_OFFSET, p_count);
                                                                               ^
../src/puck_block.c: In function 'set_new_colour':
../src/puck_block.c:48:33: error: 'XPAR_PUCK_DETECTION_BLOCK_0_S00_AXI_BASEADDR' undeclared (first use in this function)
  PUCK_DETECTION_BLOCK_mWriteReg(XPAR_PUCK_DETECTION_BLOCK_0_S00_AXI_BASEADDR, PUCK_DETECTION_BLOCK_S00_AXI_SLV_REG6_OFFSET, val);
                                 ^
../src/puck_block.c:48:79: error: 'PUCK_DETECTION_BLOCK_S00_AXI_SLV_REG6_OFFSET' undeclared (first use in this function)
  PUCK_DETECTION_BLOCK_mWriteReg(XPAR_PUCK_DETECTION_BLOCK_0_S00_AXI_BASEADDR, PUCK_DETECTION_BLOCK_S00_AXI_SLV_REG6_OFFSET, val);
                                                                               ^
../src/puck_block.c: In function 'get_x_pos':
../src/puck_block.c:53:9: warning: implicit declaration of function 'PUCK_DETECTION_BLOCK_mReadReg' [-Wimplicit-function-declaration]
  return PUCK_DETECTION_BLOCK_mReadReg(XPAR_PUCK_DETECTION_BLOCK_0_S00_AXI_BASEADDR, PUCK_DETECTION_BLOCK_S00_AXI_SLV_REG8_OFFSET);
         ^
../src/puck_block.c:53:39: error: 'XPAR_PUCK_DETECTION_BLOCK_0_S00_AXI_BASEADDR' undeclared (first use in this function)
  return PUCK_DETECTION_BLOCK_mReadReg(XPAR_PUCK_DETECTION_BLOCK_0_S00_AXI_BASEADDR, PUCK_DETECTION_BLOCK_S00_AXI_SLV_REG8_OFFSET);
                                       ^
../src/puck_block.c:53:85: error: 'PUCK_DETECTION_BLOCK_S00_AXI_SLV_REG8_OFFSET' undeclared (first use in this function)
  return PUCK_DETECTION_BLOCK_mReadReg(XPAR_PUCK_DETECTION_BLOCK_0_S00_AXI_BASEADDR, PUCK_DETECTION_BLOCK_S00_AXI_SLV_REG8_OFFSET);
                                                                                     ^
../src/puck_block.c: In function 'get_y_pos':
../src/puck_block.c:58:39: error: 'XPAR_PUCK_DETECTION_BLOCK_0_S00_AXI_BASEADDR' undeclared (first use in this function)
  return PUCK_DETECTION_BLOCK_mReadReg(XPAR_PUCK_DETECTION_BLOCK_0_S00_AXI_BASEADDR, PUCK_DETECTION_BLOCK_S00_AXI_SLV_REG9_OFFSET);
                                       ^
../src/puck_block.c:58:85: error: 'PUCK_DETECTION_BLOCK_S00_AXI_SLV_REG9_OFFSET' undeclared (first use in this function)
  return PUCK_DETECTION_BLOCK_mReadReg(XPAR_PUCK_DETECTION_BLOCK_0_S00_AXI_BASEADDR, PUCK_DETECTION_BLOCK_S00_AXI_SLV_REG9_OFFSET);
                                                                                     ^
../src/puck_block.c: In function 'get_x_pos':
../src/puck_block.c:54:1: warning: control reaches end of non-void function [-Wreturn-type]
 }
 ^
../src/puck_block.c: In function 'get_y_pos':
../src/puck_block.c:59:1: warning: control reaches end of non-void function [-Wreturn-type]
 }
 ^
make: *** [src/puck_block.o] Error 1
21:01:05 **** Auto Build of configuration Debug for project hdmi_v6 ****
make all 
'Building file: ../src/puck_block.c'
'Invoking: MicroBlaze gcc compiler'
mb-gcc -Wall -O0 -g3 -c -fmessage-length=0 -MT"src/puck_block.o" -I../../hdmi_v6_bsp/microblaze_0/include -mlittle-endian -mxl-barrel-shift -mxl-pattern-compare -mno-xl-soft-div -mcpu=v9.6 -mno-xl-soft-mul -mxl-multiply-high -mhard-float -mxl-float-convert -mxl-float-sqrt -Wl,--no-relax -MMD -MP -MF"src/puck_block.d" -MT"src/puck_block.o" -o "src/puck_block.o" "../src/puck_block.c"
In file included from ../src/puck_block.c:4:0:
../src/puck_block.c: In function 'set_h_start':
../src/puck_block.c:19:34: error: 'XPAR_PUCK_DETECTION_BLOCK_0_S00_AXI_BASEADDR' undeclared (first use in this function)
  STABLE_PUCK_DETECTION_mWriteReg(XPAR_PUCK_DETECTION_BLOCK_0_S00_AXI_BASEADDR, PUCK_DETECTION_BLOCK_S00_AXI_SLV_REG0_OFFSET, val);
                                  ^
../../hdmi_v6_bsp/microblaze_0/include/stable_puck_detection.h:46:15: note: in definition of macro 'STABLE_PUCK_DETECTION_mWriteReg'
    Xil_Out32((BaseAddress) + (RegOffset), (u32)(Data))
               ^
../src/puck_block.c:19:34: note: each undeclared identifier is reported only once for each function it appears in
  STABLE_PUCK_DETECTION_mWriteReg(XPAR_PUCK_DETECTION_BLOCK_0_S00_AXI_BASEADDR, PUCK_DETECTION_BLOCK_S00_AXI_SLV_REG0_OFFSET, val);
                                  ^
../../hdmi_v6_bsp/microblaze_0/include/stable_puck_detection.h:46:15: note: in definition of macro 'STABLE_PUCK_DETECTION_mWriteReg'
    Xil_Out32((BaseAddress) + (RegOffset), (u32)(Data))
               ^
../src/puck_block.c:19:80: error: 'PUCK_DETECTION_BLOCK_S00_AXI_SLV_REG0_OFFSET' undeclared (first use in this function)
  STABLE_PUCK_DETECTION_mWriteReg(XPAR_PUCK_DETECTION_BLOCK_0_S00_AXI_BASEADDR, PUCK_DETECTION_BLOCK_S00_AXI_SLV_REG0_OFFSET, val);
                                                                                ^
../../hdmi_v6_bsp/microblaze_0/include/stable_puck_detection.h:46:31: note: in definition of macro 'STABLE_PUCK_DETECTION_mWriteReg'
    Xil_Out32((BaseAddress) + (RegOffset), (u32)(Data))
                               ^
../src/puck_block.c: In function 'set_h_stop':
../src/puck_block.c:23:34: error: 'XPAR_PUCK_DETECTION_BLOCK_0_S00_AXI_BASEADDR' undeclared (first use in this function)
  STABLE_PUCK_DETECTION_mWriteReg(XPAR_PUCK_DETECTION_BLOCK_0_S00_AXI_BASEADDR, PUCK_DETECTION_BLOCK_S00_AXI_SLV_REG1_OFFSET, val);
                                  ^
../../hdmi_v6_bsp/microblaze_0/include/stable_puck_detection.h:46:15: note: in definition of macro 'STABLE_PUCK_DETECTION_mWriteReg'
    Xil_Out32((BaseAddress) + (RegOffset), (u32)(Data))
               ^
../src/puck_block.c:23:80: error: 'PUCK_DETECTION_BLOCK_S00_AXI_SLV_REG1_OFFSET' undeclared (first use in this function)
  STABLE_PUCK_DETECTION_mWriteReg(XPAR_PUCK_DETECTION_BLOCK_0_S00_AXI_BASEADDR, PUCK_DETECTION_BLOCK_S00_AXI_SLV_REG1_OFFSET, val);
                                                                                ^
../../hdmi_v6_bsp/microblaze_0/include/stable_puck_detection.h:46:31: note: in definition of macro 'STABLE_PUCK_DETECTION_mWriteReg'
    Xil_Out32((BaseAddress) + (RegOffset), (u32)(Data))
                               ^
../src/puck_block.c: In function 'set_v_start':
../src/puck_block.c:28:34: error: 'XPAR_PUCK_DETECTION_BLOCK_0_S00_AXI_BASEADDR' undeclared (first use in this function)
  STABLE_PUCK_DETECTION_mWriteReg(XPAR_PUCK_DETECTION_BLOCK_0_S00_AXI_BASEADDR, PUCK_DETECTION_BLOCK_S00_AXI_SLV_REG2_OFFSET, val);
                                  ^
../../hdmi_v6_bsp/microblaze_0/include/stable_puck_detection.h:46:15: note: in definition of macro 'STABLE_PUCK_DETECTION_mWriteReg'
    Xil_Out32((BaseAddress) + (RegOffset), (u32)(Data))
               ^
../src/puck_block.c:28:80: error: 'PUCK_DETECTION_BLOCK_S00_AXI_SLV_REG2_OFFSET' undeclared (first use in this function)
  STABLE_PUCK_DETECTION_mWriteReg(XPAR_PUCK_DETECTION_BLOCK_0_S00_AXI_BASEADDR, PUCK_DETECTION_BLOCK_S00_AXI_SLV_REG2_OFFSET, val);
                                                                                ^
../../hdmi_v6_bsp/microblaze_0/include/stable_puck_detection.h:46:31: note: in definition of macro 'STABLE_PUCK_DETECTION_mWriteReg'
    Xil_Out32((BaseAddress) + (RegOffset), (u32)(Data))
                               ^
../src/puck_block.c: In function 'set_v_stop':
../src/puck_block.c:33:34: error: 'XPAR_PUCK_DETECTION_BLOCK_0_S00_AXI_BASEADDR' undeclared (first use in this function)
  STABLE_PUCK_DETECTION_mWriteReg(XPAR_PUCK_DETECTION_BLOCK_0_S00_AXI_BASEADDR, PUCK_DETECTION_BLOCK_S00_AXI_SLV_REG3_OFFSET, val);
                                  ^
../../hdmi_v6_bsp/microblaze_0/include/stable_puck_detection.h:46:15: note: in definition of macro 'STABLE_PUCK_DETECTION_mWriteReg'
    Xil_Out32((BaseAddress) + (RegOffset), (u32)(Data))
               ^
../src/puck_block.c:33:80: error: 'PUCK_DETECTION_BLOCK_S00_AXI_SLV_REG3_OFFSET' undeclared (first use in this function)
  STABLE_PUCK_DETECTION_mWriteReg(XPAR_PUCK_DETECTION_BLOCK_0_S00_AXI_BASEADDR, PUCK_DETECTION_BLOCK_S00_AXI_SLV_REG3_OFFSET, val);
                                                                                ^
../../hdmi_v6_bsp/microblaze_0/include/stable_puck_detection.h:46:31: note: in definition of macro 'STABLE_PUCK_DETECTION_mWriteReg'
    Xil_Out32((BaseAddress) + (RegOffset), (u32)(Data))
                               ^
../src/puck_block.c: In function 'set_threshold':
../src/puck_block.c:38:34: error: 'XPAR_PUCK_DETECTION_BLOCK_0_S00_AXI_BASEADDR' undeclared (first use in this function)
  STABLE_PUCK_DETECTION_mWriteReg(XPAR_PUCK_DETECTION_BLOCK_0_S00_AXI_BASEADDR, PUCK_DETECTION_BLOCK_S00_AXI_SLV_REG4_OFFSET, thres);
                                  ^
../../hdmi_v6_bsp/microblaze_0/include/stable_puck_detection.h:46:15: note: in definition of macro 'STABLE_PUCK_DETECTION_mWriteReg'
    Xil_Out32((BaseAddress) + (RegOffset), (u32)(Data))
               ^
../src/puck_block.c:38:80: error: 'PUCK_DETECTION_BLOCK_S00_AXI_SLV_REG4_OFFSET' undeclared (first use in this function)
  STABLE_PUCK_DETECTION_mWriteReg(XPAR_PUCK_DETECTION_BLOCK_0_S00_AXI_BASEADDR, PUCK_DETECTION_BLOCK_S00_AXI_SLV_REG4_OFFSET, thres);
                                                                                ^
../../hdmi_v6_bsp/microblaze_0/include/stable_puck_detection.h:46:31: note: in definition of macro 'STABLE_PUCK_DETECTION_mWriteReg'
    Xil_Out32((BaseAddress) + (RegOffset), (u32)(Data))
                               ^
../src/puck_block.c: In function 'set_pixel_count':
../src/puck_block.c:43:34: error: 'XPAR_PUCK_DETECTION_BLOCK_0_S00_AXI_BASEADDR' undeclared (first use in this function)
  STABLE_PUCK_DETECTION_mWriteReg(XPAR_PUCK_DETECTION_BLOCK_0_S00_AXI_BASEADDR, PUCK_DETECTION_BLOCK_S00_AXI_SLV_REG5_OFFSET, p_count);
                                  ^
../../hdmi_v6_bsp/microblaze_0/include/stable_puck_detection.h:46:15: note: in definition of macro 'STABLE_PUCK_DETECTION_mWriteReg'
    Xil_Out32((BaseAddress) + (RegOffset), (u32)(Data))
               ^
../src/puck_block.c:43:80: error: 'PUCK_DETECTION_BLOCK_S00_AXI_SLV_REG5_OFFSET' undeclared (first use in this function)
  STABLE_PUCK_DETECTION_mWriteReg(XPAR_PUCK_DETECTION_BLOCK_0_S00_AXI_BASEADDR, PUCK_DETECTION_BLOCK_S00_AXI_SLV_REG5_OFFSET, p_count);
                                                                                ^
../../hdmi_v6_bsp/microblaze_0/include/stable_puck_detection.h:46:31: note: in definition of macro 'STABLE_PUCK_DETECTION_mWriteReg'
    Xil_Out32((BaseAddress) + (RegOffset), (u32)(Data))
                               ^
../src/puck_block.c: In function 'set_new_colour':
../src/puck_block.c:48:34: error: 'XPAR_PUCK_DETECTION_BLOCK_0_S00_AXI_BASEADDR' undeclared (first use in this function)
  STABLE_PUCK_DETECTION_mWriteReg(XPAR_PUCK_DETECTION_BLOCK_0_S00_AXI_BASEADDR, PUCK_DETECTION_BLOCK_S00_AXI_SLV_REG6_OFFSET, val);
                                  ^
../../hdmi_v6_bsp/microblaze_0/include/stable_puck_detection.h:46:15: note: in definition of macro 'STABLE_PUCK_DETECTION_mWriteReg'
    Xil_Out32((BaseAddress) + (RegOffset), (u32)(Data))
               ^
../src/puck_block.c:48:80: error: 'PUCK_DETECTION_BLOCK_S00_AXI_SLV_REG6_OFFSET' undeclared (first use in this function)
  STABLE_PUCK_DETECTION_mWriteReg(XPAR_PUCK_DETECTION_BLOCK_0_S00_AXI_BASEADDR, PUCK_DETECTION_BLOCK_S00_AXI_SLV_REG6_OFFSET, val);
                                                                                ^
../../hdmi_v6_bsp/microblaze_0/include/stable_puck_detection.h:46:31: note: in definition of macro 'STABLE_PUCK_DETECTION_mWriteReg'
    Xil_Out32((BaseAddress) + (RegOffset), (u32)(Data))
                               ^
../src/puck_block.c: In function 'get_x_pos':
../src/puck_block.c:53:9: warning: implicit declaration of function 'PUCK_DETECTION_BLOCK_mReadReg' [-Wimplicit-function-declaration]
  return PUCK_DETECTION_BLOCK_mReadReg(XPAR_PUCK_DETECTION_BLOCK_0_S00_AXI_BASEADDR, PUCK_DETECTION_BLOCK_S00_AXI_SLV_REG8_OFFSET);
         ^
../src/puck_block.c:53:39: error: 'XPAR_PUCK_DETECTION_BLOCK_0_S00_AXI_BASEADDR' undeclared (first use in this function)
  return PUCK_DETECTION_BLOCK_mReadReg(XPAR_PUCK_DETECTION_BLOCK_0_S00_AXI_BASEADDR, PUCK_DETECTION_BLOCK_S00_AXI_SLV_REG8_OFFSET);
                                       ^
../src/puck_block.c:53:85: error: 'PUCK_DETECTION_BLOCK_S00_AXI_SLV_REG8_OFFSET' undeclared (first use in this function)
  return PUCK_DETECTION_BLOCK_mReadReg(XPAR_PUCK_DETECTION_BLOCK_0_S00_AXI_BASEADDR, PUCK_DETECTION_BLOCK_S00_AXI_SLV_REG8_OFFSET);
                                                                                     ^
../src/puck_block.c: In function 'get_y_pos':
../src/puck_block.c:58:39: error: 'XPAR_PUCK_DETECTION_BLOCK_0_S00_AXI_BASEADDR' undeclared (first use in this function)
  return PUCK_DETECTION_BLOCK_mReadReg(XPAR_PUCK_DETECTION_BLOCK_0_S00_AXI_BASEADDR, PUCK_DETECTION_BLOCK_S00_AXI_SLV_REG9_OFFSET);
                                       ^
../src/puck_block.c:58:85: error: 'PUCK_DETECTION_BLOCK_S00_AXI_SLV_REG9_OFFSET' undeclared (first use in this function)
  return PUCK_DETECTION_BLOCK_mReadReg(XPAR_PUCK_DETECTION_BLOCK_0_S00_AXI_BASEADDR, PUCK_DETECTION_BLOCK_S00_AXI_SLV_REG9_OFFSET);
                                                                                     ^
../src/puck_block.c: In function 'get_x_pos':
../src/puck_block.c:54:1: warning: control reaches end of non-void function [-Wreturn-type]
 }
 ^
../src/puck_block.c: In function 'get_y_pos':
../src/puck_block.c:59:1: warning: control reaches end of non-void function [-Wreturn-type]
 }
 ^
make: *** [src/puck_block.o] Error 1
21:02:08 **** Auto Build of configuration Debug for project hdmi_v6 ****
make all 
'Building file: ../src/puck_block.c'
'Invoking: MicroBlaze gcc compiler'
mb-gcc -Wall -O0 -g3 -c -fmessage-length=0 -MT"src/puck_block.o" -I../../hdmi_v6_bsp/microblaze_0/include -mlittle-endian -mxl-barrel-shift -mxl-pattern-compare -mno-xl-soft-div -mcpu=v9.6 -mno-xl-soft-mul -mxl-multiply-high -mhard-float -mxl-float-convert -mxl-float-sqrt -Wl,--no-relax -MMD -MP -MF"src/puck_block.d" -MT"src/puck_block.o" -o "src/puck_block.o" "../src/puck_block.c"
In file included from ../src/puck_block.c:4:0:
../src/puck_block.c: In function 'set_h_start':
../src/puck_block.c:19:81: error: 'PUCK_DETECTION_BLOCK_S00_AXI_SLV_REG0_OFFSET' undeclared (first use in this function)
  STABLE_PUCK_DETECTION_mWriteReg(XPAR_STABLE_PUCK_DETECTION_0_S00_AXI_BASEADDR, PUCK_DETECTION_BLOCK_S00_AXI_SLV_REG0_OFFSET, val);
                                                                                 ^
../../hdmi_v6_bsp/microblaze_0/include/stable_puck_detection.h:46:31: note: in definition of macro 'STABLE_PUCK_DETECTION_mWriteReg'
    Xil_Out32((BaseAddress) + (RegOffset), (u32)(Data))
                               ^
../src/puck_block.c:19:81: note: each undeclared identifier is reported only once for each function it appears in
  STABLE_PUCK_DETECTION_mWriteReg(XPAR_STABLE_PUCK_DETECTION_0_S00_AXI_BASEADDR, PUCK_DETECTION_BLOCK_S00_AXI_SLV_REG0_OFFSET, val);
                                                                                 ^
../../hdmi_v6_bsp/microblaze_0/include/stable_puck_detection.h:46:31: note: in definition of macro 'STABLE_PUCK_DETECTION_mWriteReg'
    Xil_Out32((BaseAddress) + (RegOffset), (u32)(Data))
                               ^
../src/puck_block.c: In function 'set_h_stop':
../src/puck_block.c:23:81: error: 'PUCK_DETECTION_BLOCK_S00_AXI_SLV_REG1_OFFSET' undeclared (first use in this function)
  STABLE_PUCK_DETECTION_mWriteReg(XPAR_STABLE_PUCK_DETECTION_0_S00_AXI_BASEADDR, PUCK_DETECTION_BLOCK_S00_AXI_SLV_REG1_OFFSET, val);
                                                                                 ^
../../hdmi_v6_bsp/microblaze_0/include/stable_puck_detection.h:46:31: note: in definition of macro 'STABLE_PUCK_DETECTION_mWriteReg'
    Xil_Out32((BaseAddress) + (RegOffset), (u32)(Data))
                               ^
../src/puck_block.c: In function 'set_v_start':
../src/puck_block.c:28:81: error: 'PUCK_DETECTION_BLOCK_S00_AXI_SLV_REG2_OFFSET' undeclared (first use in this function)
  STABLE_PUCK_DETECTION_mWriteReg(XPAR_STABLE_PUCK_DETECTION_0_S00_AXI_BASEADDR, PUCK_DETECTION_BLOCK_S00_AXI_SLV_REG2_OFFSET, val);
                                                                                 ^
../../hdmi_v6_bsp/microblaze_0/include/stable_puck_detection.h:46:31: note: in definition of macro 'STABLE_PUCK_DETECTION_mWriteReg'
    Xil_Out32((BaseAddress) + (RegOffset), (u32)(Data))
                               ^
../src/puck_block.c: In function 'set_v_stop':
../src/puck_block.c:33:81: error: 'PUCK_DETECTION_BLOCK_S00_AXI_SLV_REG3_OFFSET' undeclared (first use in this function)
  STABLE_PUCK_DETECTION_mWriteReg(XPAR_STABLE_PUCK_DETECTION_0_S00_AXI_BASEADDR, PUCK_DETECTION_BLOCK_S00_AXI_SLV_REG3_OFFSET, val);
                                                                                 ^
../../hdmi_v6_bsp/microblaze_0/include/stable_puck_detection.h:46:31: note: in definition of macro 'STABLE_PUCK_DETECTION_mWriteReg'
    Xil_Out32((BaseAddress) + (RegOffset), (u32)(Data))
                               ^
../src/puck_block.c: In function 'set_threshold':
../src/puck_block.c:38:81: error: 'PUCK_DETECTION_BLOCK_S00_AXI_SLV_REG4_OFFSET' undeclared (first use in this function)
  STABLE_PUCK_DETECTION_mWriteReg(XPAR_STABLE_PUCK_DETECTION_0_S00_AXI_BASEADDR, PUCK_DETECTION_BLOCK_S00_AXI_SLV_REG4_OFFSET, thres);
                                                                                 ^
../../hdmi_v6_bsp/microblaze_0/include/stable_puck_detection.h:46:31: note: in definition of macro 'STABLE_PUCK_DETECTION_mWriteReg'
    Xil_Out32((BaseAddress) + (RegOffset), (u32)(Data))
                               ^
../src/puck_block.c: In function 'set_pixel_count':
../src/puck_block.c:43:81: error: 'PUCK_DETECTION_BLOCK_S00_AXI_SLV_REG5_OFFSET' undeclared (first use in this function)
  STABLE_PUCK_DETECTION_mWriteReg(XPAR_STABLE_PUCK_DETECTION_0_S00_AXI_BASEADDR, PUCK_DETECTION_BLOCK_S00_AXI_SLV_REG5_OFFSET, p_count);
                                                                                 ^
../../hdmi_v6_bsp/microblaze_0/include/stable_puck_detection.h:46:31: note: in definition of macro 'STABLE_PUCK_DETECTION_mWriteReg'
    Xil_Out32((BaseAddress) + (RegOffset), (u32)(Data))
                               ^
../src/puck_block.c: In function 'set_new_colour':
../src/puck_block.c:48:81: error: 'PUCK_DETECTION_BLOCK_S00_AXI_SLV_REG6_OFFSET' undeclared (first use in this function)
  STABLE_PUCK_DETECTION_mWriteReg(XPAR_STABLE_PUCK_DETECTION_0_S00_AXI_BASEADDR, PUCK_DETECTION_BLOCK_S00_AXI_SLV_REG6_OFFSET, val);
                                                                                 ^
../../hdmi_v6_bsp/microblaze_0/include/stable_puck_detection.h:46:31: note: in definition of macro 'STABLE_PUCK_DETECTION_mWriteReg'
    Xil_Out32((BaseAddress) + (RegOffset), (u32)(Data))
                               ^
../src/puck_block.c: In function 'get_x_pos':
../src/puck_block.c:53:9: warning: implicit declaration of function 'PUCK_DETECTION_BLOCK_mReadReg' [-Wimplicit-function-declaration]
  return PUCK_DETECTION_BLOCK_mReadReg(XPAR_STABLE_PUCK_DETECTION_0_S00_AXI_BASEADDR, PUCK_DETECTION_BLOCK_S00_AXI_SLV_REG8_OFFSET);
         ^
../src/puck_block.c:53:86: error: 'PUCK_DETECTION_BLOCK_S00_AXI_SLV_REG8_OFFSET' undeclared (first use in this function)
  return PUCK_DETECTION_BLOCK_mReadReg(XPAR_STABLE_PUCK_DETECTION_0_S00_AXI_BASEADDR, PUCK_DETECTION_BLOCK_S00_AXI_SLV_REG8_OFFSET);
                                                                                      ^
../src/puck_block.c: In function 'get_y_pos':
../src/puck_block.c:58:86: error: 'PUCK_DETECTION_BLOCK_S00_AXI_SLV_REG9_OFFSET' undeclared (first use in this function)
  return PUCK_DETECTION_BLOCK_mReadReg(XPAR_STABLE_PUCK_DETECTION_0_S00_AXI_BASEADDR, PUCK_DETECTION_BLOCK_S00_AXI_SLV_REG9_OFFSET);
                                                                                      ^
../src/puck_block.c: In function 'get_x_pos':
../src/puck_block.c:54:1: warning: control reaches end of non-void function [-Wreturn-type]
 }
 ^
../src/puck_block.c: In function 'get_y_pos':
../src/puck_block.c:59:1: warning: control reaches end of non-void function [-Wreturn-type]
 }
 ^
make: *** [src/puck_block.o] Error 1
21:06:11 **** Auto Build of configuration Debug for project hdmi_v6 ****
make all 
'Building file: ../src/puck_block.c'
'Invoking: MicroBlaze gcc compiler'
mb-gcc -Wall -O0 -g3 -c -fmessage-length=0 -MT"src/puck_block.o" -I../../hdmi_v6_bsp/microblaze_0/include -mlittle-endian -mxl-barrel-shift -mxl-pattern-compare -mno-xl-soft-div -mcpu=v9.6 -mno-xl-soft-mul -mxl-multiply-high -mhard-float -mxl-float-convert -mxl-float-sqrt -Wl,--no-relax -MMD -MP -MF"src/puck_block.d" -MT"src/puck_block.o" -o "src/puck_block.o" "../src/puck_block.c"
'Finished building: ../src/puck_block.c'
' '
'Building file: ../src/strategy.c'
'Invoking: MicroBlaze gcc compiler'
mb-gcc -Wall -O0 -g3 -c -fmessage-length=0 -MT"src/strategy.o" -I../../hdmi_v6_bsp/microblaze_0/include -mlittle-endian -mxl-barrel-shift -mxl-pattern-compare -mno-xl-soft-div -mcpu=v9.6 -mno-xl-soft-mul -mxl-multiply-high -mhard-float -mxl-float-convert -mxl-float-sqrt -Wl,--no-relax -MMD -MP -MF"src/strategy.d" -MT"src/strategy.o" -o "src/strategy.o" "../src/strategy.c"
../src/strategy.c: In function 'predict_intercept':
../src/strategy.c:27:16: warning: implicit declaration of function 'abs' [-Wimplicit-function-declaration]
     y_target = abs(y_target);
                ^
../src/strategy.c: In function 'do_work':
../src/strategy.c:57:11: warning: implicit declaration of function 'get_y_pos' [-Wimplicit-function-declaration]
   set_pos(get_y_pos());
           ^
../src/strategy.c:69:12: warning: implicit declaration of function 'get_x_pos' [-Wimplicit-function-declaration]
   x1_pos = get_x_pos();
            ^
../src/strategy.c:71:3: warning: implicit declaration of function 'MB_Sleep' [-Wimplicit-function-declaration]
   MB_Sleep(10);
   ^
../src/strategy.c:94:12: warning: implicit declaration of function 'sqrt' [-Wimplicit-function-declaration]
    speed = sqrt(x_dir*x_dir + y_dir*y_dir);
            ^
../src/strategy.c:94:12: warning: incompatible implicit declaration of built-in function 'sqrt'
../src/strategy.c:94:12: note: include '<math.h>' or provide a declaration of 'sqrt'
../src/strategy.c:47:6: warning: variable 'i' set but not used [-Wunused-but-set-variable]
  int i;
      ^
../src/strategy.c:46:6: warning: variable 'avg' set but not used [-Wunused-but-set-variable]
  int avg;
      ^
../src/strategy.c:45:6: warning: variable 'speed' set but not used [-Wunused-but-set-variable]
  int speed;
      ^
'Finished building: ../src/strategy.c'
' '
'Building file: ../src/video_demo.c'
'Invoking: MicroBlaze gcc compiler'
mb-gcc -Wall -O0 -g3 -c -fmessage-length=0 -MT"src/video_demo.o" -I../../hdmi_v6_bsp/microblaze_0/include -mlittle-endian -mxl-barrel-shift -mxl-pattern-compare -mno-xl-soft-div -mcpu=v9.6 -mno-xl-soft-mul -mxl-multiply-high -mhard-float -mxl-float-convert -mxl-float-sqrt -Wl,--no-relax -MMD -MP -MF"src/video_demo.d" -MT"src/video_demo.o" -o "src/video_demo.o" "../src/video_demo.c"
In file included from ../src/demo.h:35:0,
                 from ../src/video_demo.c:49:
../src/audio/audio.h:77:26: error: 'XPAR_D_AXI_I2S_AUDIO_0_AXI_L_BASEADDR' undeclared here (not in a function)
 #define AUDIO_CTL_ADDR   XPAR_D_AXI_I2S_AUDIO_0_AXI_L_BASEADDR
                          ^
../src/audio/audio.h:162:21: note: in expansion of macro 'AUDIO_CTL_ADDR'
  I2S_RESET_REG    = AUDIO_CTL_ADDR,
                     ^
../src/video_demo.c:118:3: error: 'XPAR_AXI_INTC_0_AXI_IIC_0_IIC2INTC_IRPT_INTR' undeclared here (not in a function)
  {XPAR_AXI_INTC_0_AXI_IIC_0_IIC2INTC_IRPT_INTR, (XInterruptHandler)XIic_InterruptHandler, &sIic},
   ^
../src/video_demo.c:120:3: error: 'XPAR_AXI_INTC_0_AXI_DMA_0_S2MM_INTROUT_INTR' undeclared here (not in a function)
  {XPAR_AXI_INTC_0_AXI_DMA_0_S2MM_INTROUT_INTR, (XInterruptHandler)fnS2MMInterruptHandler, &sAxiDma},
   ^
../src/video_demo.c:122:3: error: 'XPAR_AXI_INTC_0_AXI_DMA_0_MM2S_INTROUT_INTR' undeclared here (not in a function)
  {XPAR_AXI_INTC_0_AXI_DMA_0_MM2S_INTROUT_INTR, (XInterruptHandler)fnMM2SInterruptHandler, &sAxiDma},
   ^
../src/video_demo.c:124:3: error: 'XPAR_AXI_INTC_0_AXI_GPIO_0_IP2INTC_IRPT_INTR' undeclared here (not in a function)
  {XPAR_AXI_INTC_0_AXI_GPIO_0_IP2INTC_IRPT_INTR, (XInterruptHandler)fnUserIOIsr, &sUserIO}
   ^
../src/video_demo.c: In function 'main':
../src/video_demo.c:323:2: warning: implicit declaration of function 'puck_block_init' [-Wimplicit-function-declaration]
  puck_block_init();
  ^
../src/video_demo.c: In function 'DemoRun':
../src/video_demo.c:504:11: warning: format '%d' expects argument of type 'int', but argument 2 has type 'u32 {aka long unsigned int}' [-Wformat=]
    printf("%d", locked);
           ^
../src/video_demo.c:504:11: warning: format '%d' expects argument of type 'int', but argument 2 has type 'u32 {aka long unsigned int}' [-Wformat=]
../src/video_demo.c: In function 'DemoPrintMenu':
../src/video_demo.c:597:9: warning: format '%d' expects argument of type 'int', but argument 2 has type 'u32 {aka long unsigned int}' [-Wformat=]
  printf("*Display Frame Index: %27d*\n\r", dispCtrl.curFrame);
         ^
../src/video_demo.c:597:9: warning: format '%d' expects argument of type 'int', but argument 2 has type 'u32 {aka long unsigned int}' [-Wformat=]
../src/video_demo.c:600:9: warning: format '%d' expects argument of type 'int', but argument 2 has type 'u32 {aka long unsigned int}' [-Wformat=]
  printf("*Video Frame Index: %29d*\n\r", videoCapt.curFrame);
         ^
../src/video_demo.c:600:9: warning: format '%d' expects argument of type 'int', but argument 2 has type 'u32 {aka long unsigned int}' [-Wformat=]
make: *** [src/video_demo.o] Error 1
21:08:53 **** Auto Build of configuration Debug for project hdmi_v6 ****
make all 
'Building file: ../src/puck_block.c'
'Invoking: MicroBlaze gcc compiler'
mb-gcc -Wall -O0 -g3 -c -fmessage-length=0 -MT"src/puck_block.o" -I../../hdmi_v6_bsp/microblaze_0/include -mlittle-endian -mxl-barrel-shift -mxl-pattern-compare -mno-xl-soft-div -mcpu=v9.6 -mno-xl-soft-mul -mxl-multiply-high -mhard-float -mxl-float-convert -mxl-float-sqrt -Wl,--no-relax -MMD -MP -MF"src/puck_block.d" -MT"src/puck_block.o" -o "src/puck_block.o" "../src/puck_block.c"
'Finished building: ../src/puck_block.c'
' '
'Building file: ../src/video_demo.c'
'Invoking: MicroBlaze gcc compiler'
mb-gcc -Wall -O0 -g3 -c -fmessage-length=0 -MT"src/video_demo.o" -I../../hdmi_v6_bsp/microblaze_0/include -mlittle-endian -mxl-barrel-shift -mxl-pattern-compare -mno-xl-soft-div -mcpu=v9.6 -mno-xl-soft-mul -mxl-multiply-high -mhard-float -mxl-float-convert -mxl-float-sqrt -Wl,--no-relax -MMD -MP -MF"src/video_demo.d" -MT"src/video_demo.o" -o "src/video_demo.o" "../src/video_demo.c"
In file included from ../src/demo.h:35:0,
                 from ../src/video_demo.c:49:
../src/audio/audio.h:77:26: error: 'XPAR_D_AXI_I2S_AUDIO_0_AXI_L_BASEADDR' undeclared here (not in a function)
 #define AUDIO_CTL_ADDR   XPAR_D_AXI_I2S_AUDIO_0_AXI_L_BASEADDR
                          ^
../src/audio/audio.h:162:21: note: in expansion of macro 'AUDIO_CTL_ADDR'
  I2S_RESET_REG    = AUDIO_CTL_ADDR,
                     ^
../src/video_demo.c:118:3: error: 'XPAR_AXI_INTC_0_AXI_IIC_0_IIC2INTC_IRPT_INTR' undeclared here (not in a function)
  {XPAR_AXI_INTC_0_AXI_IIC_0_IIC2INTC_IRPT_INTR, (XInterruptHandler)XIic_InterruptHandler, &sIic},
   ^
../src/video_demo.c:120:3: error: 'XPAR_AXI_INTC_0_AXI_DMA_0_S2MM_INTROUT_INTR' undeclared here (not in a function)
  {XPAR_AXI_INTC_0_AXI_DMA_0_S2MM_INTROUT_INTR, (XInterruptHandler)fnS2MMInterruptHandler, &sAxiDma},
   ^
../src/video_demo.c:122:3: error: 'XPAR_AXI_INTC_0_AXI_DMA_0_MM2S_INTROUT_INTR' undeclared here (not in a function)
  {XPAR_AXI_INTC_0_AXI_DMA_0_MM2S_INTROUT_INTR, (XInterruptHandler)fnMM2SInterruptHandler, &sAxiDma},
   ^
../src/video_demo.c:124:3: error: 'XPAR_AXI_INTC_0_AXI_GPIO_0_IP2INTC_IRPT_INTR' undeclared here (not in a function)
  {XPAR_AXI_INTC_0_AXI_GPIO_0_IP2INTC_IRPT_INTR, (XInterruptHandler)fnUserIOIsr, &sUserIO}
   ^
../src/video_demo.c: In function 'main':
../src/video_demo.c:323:2: warning: implicit declaration of function 'puck_block_init' [-Wimplicit-function-declaration]
  puck_block_init();
  ^
../src/video_demo.c: In function 'DemoRun':
../src/video_demo.c:504:11: warning: format '%d' expects argument of type 'int', but argument 2 has type 'u32 {aka long unsigned int}' [-Wformat=]
    printf("%d", locked);
           ^
../src/video_demo.c:504:11: warning: format '%d' expects argument of type 'int', but argument 2 has type 'u32 {aka long unsigned int}' [-Wformat=]
../src/video_demo.c: In function 'DemoPrintMenu':
../src/video_demo.c:597:9: warning: format '%d' expects argument of type 'int', but argument 2 has type 'u32 {aka long unsigned int}' [-Wformat=]
  printf("*Display Frame Index: %27d*\n\r", dispCtrl.curFrame);
         ^
../src/video_demo.c:597:9: warning: format '%d' expects argument of type 'int', but argument 2 has type 'u32 {aka long unsigned int}' [-Wformat=]
../src/video_demo.c:600:9: warning: format '%d' expects argument of type 'int', but argument 2 has type 'u32 {aka long unsigned int}' [-Wformat=]
  printf("*Video Frame Index: %29d*\n\r", videoCapt.curFrame);
         ^
../src/video_demo.c:600:9: warning: format '%d' expects argument of type 'int', but argument 2 has type 'u32 {aka long unsigned int}' [-Wformat=]
make: *** [src/video_demo.o] Error 1
21:09:44 **** Auto Build of configuration Debug for project hdmi_v6 ****
make all 
'Building file: ../src/puck_block.c'
'Invoking: MicroBlaze gcc compiler'
mb-gcc -Wall -O0 -g3 -c -fmessage-length=0 -MT"src/puck_block.o" -I../../hdmi_v6_bsp/microblaze_0/include -mlittle-endian -mxl-barrel-shift -mxl-pattern-compare -mno-xl-soft-div -mcpu=v9.6 -mno-xl-soft-mul -mxl-multiply-high -mhard-float -mxl-float-convert -mxl-float-sqrt -Wl,--no-relax -MMD -MP -MF"src/puck_block.d" -MT"src/puck_block.o" -o "src/puck_block.o" "../src/puck_block.c"
'Finished building: ../src/puck_block.c'
' '
'Building file: ../src/video_demo.c'
'Invoking: MicroBlaze gcc compiler'
mb-gcc -Wall -O0 -g3 -c -fmessage-length=0 -MT"src/video_demo.o" -I../../hdmi_v6_bsp/microblaze_0/include -mlittle-endian -mxl-barrel-shift -mxl-pattern-compare -mno-xl-soft-div -mcpu=v9.6 -mno-xl-soft-mul -mxl-multiply-high -mhard-float -mxl-float-convert -mxl-float-sqrt -Wl,--no-relax -MMD -MP -MF"src/video_demo.d" -MT"src/video_demo.o" -o "src/video_demo.o" "../src/video_demo.c"
In file included from ../src/demo.h:35:0,
                 from ../src/video_demo.c:49:
../src/audio/audio.h:77:26: error: 'XPAR_D_AXI_I2S_AUDIO_0_AXI_L_BASEADDR' undeclared here (not in a function)
 #define AUDIO_CTL_ADDR   XPAR_D_AXI_I2S_AUDIO_0_AXI_L_BASEADDR
                          ^
../src/audio/audio.h:162:21: note: in expansion of macro 'AUDIO_CTL_ADDR'
  I2S_RESET_REG    = AUDIO_CTL_ADDR,
                     ^
../src/video_demo.c:118:3: error: 'XPAR_AXI_INTC_0_AXI_IIC_0_IIC2INTC_IRPT_INTR' undeclared here (not in a function)
  {XPAR_AXI_INTC_0_AXI_IIC_0_IIC2INTC_IRPT_INTR, (XInterruptHandler)XIic_InterruptHandler, &sIic},
   ^
../src/video_demo.c:120:3: error: 'XPAR_AXI_INTC_0_AXI_DMA_0_S2MM_INTROUT_INTR' undeclared here (not in a function)
  {XPAR_AXI_INTC_0_AXI_DMA_0_S2MM_INTROUT_INTR, (XInterruptHandler)fnS2MMInterruptHandler, &sAxiDma},
   ^
../src/video_demo.c:122:3: error: 'XPAR_AXI_INTC_0_AXI_DMA_0_MM2S_INTROUT_INTR' undeclared here (not in a function)
  {XPAR_AXI_INTC_0_AXI_DMA_0_MM2S_INTROUT_INTR, (XInterruptHandler)fnMM2SInterruptHandler, &sAxiDma},
   ^
../src/video_demo.c:124:3: error: 'XPAR_AXI_INTC_0_AXI_GPIO_0_IP2INTC_IRPT_INTR' undeclared here (not in a function)
  {XPAR_AXI_INTC_0_AXI_GPIO_0_IP2INTC_IRPT_INTR, (XInterruptHandler)fnUserIOIsr, &sUserIO}
   ^
../src/video_demo.c: In function 'main':
../src/video_demo.c:323:2: warning: implicit declaration of function 'puck_block_init' [-Wimplicit-function-declaration]
  puck_block_init();
  ^
../src/video_demo.c: In function 'DemoRun':
../src/video_demo.c:504:11: warning: format '%d' expects argument of type 'int', but argument 2 has type 'u32 {aka long unsigned int}' [-Wformat=]
    printf("%d", locked);
           ^
../src/video_demo.c:504:11: warning: format '%d' expects argument of type 'int', but argument 2 has type 'u32 {aka long unsigned int}' [-Wformat=]
../src/video_demo.c: In function 'DemoPrintMenu':
../src/video_demo.c:597:9: warning: format '%d' expects argument of type 'int', but argument 2 has type 'u32 {aka long unsigned int}' [-Wformat=]
  printf("*Display Frame Index: %27d*\n\r", dispCtrl.curFrame);
         ^
../src/video_demo.c:597:9: warning: format '%d' expects argument of type 'int', but argument 2 has type 'u32 {aka long unsigned int}' [-Wformat=]
../src/video_demo.c:600:9: warning: format '%d' expects argument of type 'int', but argument 2 has type 'u32 {aka long unsigned int}' [-Wformat=]
  printf("*Video Frame Index: %29d*\n\r", videoCapt.curFrame);
         ^
../src/video_demo.c:600:9: warning: format '%d' expects argument of type 'int', but argument 2 has type 'u32 {aka long unsigned int}' [-Wformat=]
make: *** [src/video_demo.o] Error 1
21:13:59 **** Incremental Build of configuration Debug for project hdmi_v6 ****
make all 
'Building file: ../src/video_demo.c'
'Invoking: MicroBlaze gcc compiler'
mb-gcc -Wall -O0 -g3 -c -fmessage-length=0 -MT"src/video_demo.o" -I../../hdmi_v6_bsp/microblaze_0/include -mlittle-endian -mxl-barrel-shift -mxl-pattern-compare -mno-xl-soft-div -mcpu=v9.6 -mno-xl-soft-mul -mxl-multiply-high -mhard-float -mxl-float-convert -mxl-float-sqrt -Wl,--no-relax -MMD -MP -MF"src/video_demo.d" -MT"src/video_demo.o" -o "src/video_demo.o" "../src/video_demo.c"
In file included from ../src/demo.h:35:0,
                 from ../src/video_demo.c:49:
../src/audio/audio.h:77:26: error: 'XPAR_D_AXI_I2S_AUDIO_0_AXI_L_BASEADDR' undeclared here (not in a function)
 #define AUDIO_CTL_ADDR   XPAR_D_AXI_I2S_AUDIO_0_AXI_L_BASEADDR
                          ^
../src/audio/audio.h:162:21: note: in expansion of macro 'AUDIO_CTL_ADDR'
  I2S_RESET_REG    = AUDIO_CTL_ADDR,
                     ^
../src/video_demo.c:118:3: error: 'XPAR_AXI_INTC_0_AXI_IIC_0_IIC2INTC_IRPT_INTR' undeclared here (not in a function)
  {XPAR_AXI_INTC_0_AXI_IIC_0_IIC2INTC_IRPT_INTR, (XInterruptHandler)XIic_InterruptHandler, &sIic},
   ^
../src/video_demo.c:120:3: error: 'XPAR_AXI_INTC_0_AXI_DMA_0_S2MM_INTROUT_INTR' undeclared here (not in a function)
  {XPAR_AXI_INTC_0_AXI_DMA_0_S2MM_INTROUT_INTR, (XInterruptHandler)fnS2MMInterruptHandler, &sAxiDma},
   ^
../src/video_demo.c:122:3: error: 'XPAR_AXI_INTC_0_AXI_DMA_0_MM2S_INTROUT_INTR' undeclared here (not in a function)
  {XPAR_AXI_INTC_0_AXI_DMA_0_MM2S_INTROUT_INTR, (XInterruptHandler)fnMM2SInterruptHandler, &sAxiDma},
   ^
../src/video_demo.c:124:3: error: 'XPAR_AXI_INTC_0_AXI_GPIO_0_IP2INTC_IRPT_INTR' undeclared here (not in a function)
  {XPAR_AXI_INTC_0_AXI_GPIO_0_IP2INTC_IRPT_INTR, (XInterruptHandler)fnUserIOIsr, &sUserIO}
   ^
../src/video_demo.c: In function 'main':
../src/video_demo.c:323:2: warning: implicit declaration of function 'puck_block_init' [-Wimplicit-function-declaration]
  puck_block_init();
  ^
../src/video_demo.c: In function 'DemoRun':
../src/video_demo.c:504:11: warning: format '%d' expects argument of type 'int', but argument 2 has type 'u32 {aka long unsigned int}' [-Wformat=]
    printf("%d", locked);
           ^
../src/video_demo.c:504:11: warning: format '%d' expects argument of type 'int', but argument 2 has type 'u32 {aka long unsigned int}' [-Wformat=]
../src/video_demo.c: In function 'DemoPrintMenu':
../src/video_demo.c:597:9: warning: format '%d' expects argument of type 'int', but argument 2 has type 'u32 {aka long unsigned int}' [-Wformat=]
  printf("*Display Frame Index: %27d*\n\r", dispCtrl.curFrame);
         ^
../src/video_demo.c:597:9: warning: format '%d' expects argument of type 'int', but argument 2 has type 'u32 {aka long unsigned int}' [-Wformat=]
../src/video_demo.c:600:9: warning: format '%d' expects argument of type 'int', but argument 2 has type 'u32 {aka long unsigned int}' [-Wformat=]
  printf("*Video Frame Index: %29d*\n\r", videoCapt.curFrame);
         ^
../src/video_demo.c:600:9: warning: format '%d' expects argument of type 'int', but argument 2 has type 'u32 {aka long unsigned int}' [-Wformat=]
make: *** [src/video_demo.o] Error 1
21:15:40 **** Auto Build of configuration Debug for project hdmi_v6 ****
make all 
'Building file: ../src/userio/userio.c'
'Invoking: MicroBlaze gcc compiler'
mb-gcc -Wall -O0 -g3 -c -fmessage-length=0 -MT"src/userio/userio.o" -I../../hdmi_v6_bsp/microblaze_0/include -mlittle-endian -mxl-barrel-shift -mxl-pattern-compare -mno-xl-soft-div -mcpu=v9.6 -mno-xl-soft-mul -mxl-multiply-high -mhard-float -mxl-float-convert -mxl-float-sqrt -Wl,--no-relax -MMD -MP -MF"src/userio/userio.d" -MT"src/userio/userio.o" -o "src/userio/userio.o" "../src/userio/userio.c"
In file included from ../src/userio/../demo.h:35:0,
                 from ../src/userio/userio.c:56:
../src/userio/../audio/audio.h:63:64: fatal error: ../../hdmi_v6_bsp/microblaze_0/include/xparameters.h: No such file or directory
compilation terminated.
make: *** [src/userio/userio.o] Error 1
21:16:01 **** Auto Build of configuration Debug for project hdmi_v6 ****
make all 
'Building file: ../src/userio/userio.c'
'Invoking: MicroBlaze gcc compiler'
mb-gcc -Wall -O0 -g3 -c -fmessage-length=0 -MT"src/userio/userio.o" -I../../hdmi_v6_bsp/microblaze_0/include -mlittle-endian -mxl-barrel-shift -mxl-pattern-compare -mno-xl-soft-div -mcpu=v9.6 -mno-xl-soft-mul -mxl-multiply-high -mhard-float -mxl-float-convert -mxl-float-sqrt -Wl,--no-relax -MMD -MP -MF"src/userio/userio.d" -MT"src/userio/userio.o" -o "src/userio/userio.o" "../src/userio/userio.c"
'Finished building: ../src/userio/userio.c'
' '
'Building file: ../src/dma/dma.c'
'Invoking: MicroBlaze gcc compiler'
mb-gcc -Wall -O0 -g3 -c -fmessage-length=0 -MT"src/dma/dma.o" -I../../hdmi_v6_bsp/microblaze_0/include -mlittle-endian -mxl-barrel-shift -mxl-pattern-compare -mno-xl-soft-div -mcpu=v9.6 -mno-xl-soft-mul -mxl-multiply-high -mhard-float -mxl-float-convert -mxl-float-sqrt -Wl,--no-relax -MMD -MP -MF"src/dma/dma.d" -MT"src/dma/dma.o" -o "src/dma/dma.o" "../src/dma/dma.c"
../src/dma/dma.c: In function 'fnConfigDma':
../src/dma/dma.c:154:11: warning: format '%d' expects a matching 'int' argument [-Wformat=]
    printf("\r\nInitialization failed %d");
           ^
../src/dma/dma.c:154:11: warning: format '%d' expects a matching 'int' argument [-Wformat=]
'Finished building: ../src/dma/dma.c'
' '
'Building file: ../src/audio/audio.c'
'Invoking: MicroBlaze gcc compiler'
mb-gcc -Wall -O0 -g3 -c -fmessage-length=0 -MT"src/audio/audio.o" -I../../hdmi_v6_bsp/microblaze_0/include -mlittle-endian -mxl-barrel-shift -mxl-pattern-compare -mno-xl-soft-div -mcpu=v9.6 -mno-xl-soft-mul -mxl-multiply-high -mhard-float -mxl-float-convert -mxl-float-sqrt -Wl,--no-relax -MMD -MP -MF"src/audio/audio.d" -MT"src/audio/audio.o" -o "src/audio/audio.o" "../src/audio/audio.c"
../src/audio/audio.c: In function 'fnAudioRecord':
../src/audio/audio.c:634:11: warning: format '%d' expects argument of type 'int', but argument 2 has type 'u32 {aka long unsigned int}' [-Wformat=]
    printf("\n fail @ rec; ERROR: %d", uTransferVariable.l);
           ^
[...]
mb-gcc -Wl,-T -Wl,../src/lscript.ld -L../../hdmi_v7_bsp/microblaze_0/lib -mlittle-endian -mxl-barrel-shift -mxl-pattern-compare -mno-xl-soft-div -mcpu=v9.6 -mno-xl-soft-mul -mxl-multiply-high -mhard-float -mxl-float-convert -mxl-float-sqrt -Wl,--no-relax -o "hdmi_v7.elf"  ./src/video_capture/video_capture.o  ./src/userio/userio.o  ./src/timer_ps/timer_ps.o  ./src/intc/intc.o  ./src/iic/iic.o  ./src/dynclk/dynclk.o  ./src/dma/dma.o  ./src/display_ctrl/display_ctrl.o  ./src/audio/audio.o  ./src/demo.o ./src/motor_lib.o ./src/platform.o ./src/puck_block.o ./src/strategy.o ./src/video_demo.o   -Wl,--start-group,-lxil,-lgcc,-lc,--end-group
'Finished building target: hdmi_v7.elf'
' '
'Invoking: MicroBlaze Print Size'
mb-size hdmi_v7.elf  |tee "hdmi_v7.elf.size"
   text	   data	    bss	    dec	    hex	filename
 159084	   2000	18670828	18831912	11f5a28	hdmi_v7.elf
'Finished building: hdmi_v7.elf.size'
' '
04:50:15 **** Incremental Build of configuration Debug for project hdmi_v7 ****
make all 
make: Nothing to be done for `all'.
04:51:19 **** Incremental Build of configuration Debug for project hdmi_v7 ****
make all 
make: Nothing to be done for `all'.
04:59:21 **** Auto Build of configuration Debug for project hdmi_v7 ****
make all 
'Building file: ../src/video_demo.c'
'Invoking: MicroBlaze gcc compiler'
mb-gcc -Wall -O0 -g3 -c -fmessage-length=0 -MT"src/video_demo.o" -I../../hdmi_v7_bsp/microblaze_0/include -mlittle-endian -mxl-barrel-shift -mxl-pattern-compare -mno-xl-soft-div -mcpu=v9.6 -mno-xl-soft-mul -mxl-multiply-high -mhard-float -mxl-float-convert -mxl-float-sqrt -Wl,--no-relax -MMD -MP -MF"src/video_demo.d" -MT"src/video_demo.o" -o "src/video_demo.o" "../src/video_demo.c"
../src/video_demo.c: In function 'main':
../src/video_demo.c:187:2: warning: implicit declaration of function 'puck_block_init' [-Wimplicit-function-declaration]
  puck_block_init();
  ^
'Finished building: ../src/video_demo.c'
' '
'Building target: hdmi_v7.elf'
'Invoking: MicroBlaze gcc linker'
mb-gcc -Wl,-T -Wl,../src/lscript.ld -L../../hdmi_v7_bsp/microblaze_0/lib -mlittle-endian -mxl-barrel-shift -mxl-pattern-compare -mno-xl-soft-div -mcpu=v9.6 -mno-xl-soft-mul -mxl-multiply-high -mhard-float -mxl-float-convert -mxl-float-sqrt -Wl,--no-relax -o "hdmi_v7.elf"  ./src/video_capture/video_capture.o  ./src/userio/userio.o  ./src/timer_ps/timer_ps.o  ./src/intc/intc.o  ./src/iic/iic.o  ./src/dynclk/dynclk.o  ./src/dma/dma.o  ./src/display_ctrl/display_ctrl.o  ./src/audio/audio.o  ./src/demo.o ./src/motor_lib.o ./src/platform.o ./src/puck_block.o ./src/strategy.o ./src/video_demo.o   -Wl,--start-group,-lxil,-lgcc,-lc,--end-group
'Finished building target: hdmi_v7.elf'
' '
'Invoking: MicroBlaze Print Size'
mb-size hdmi_v7.elf  |tee "hdmi_v7.elf.size"
   text	   data	    bss	    dec	    hex	filename
 159052	   2000	18670828	18831880	11f5a08	hdmi_v7.elf
'Finished building: hdmi_v7.elf.size'
' '
04:59:23 **** Incremental Build of configuration Debug for project hdmi_v7 ****
make all 
make: Nothing to be done for `all'.
05:01:12 **** Incremental Build of configuration Debug for project hdmi_v7 ****
make all 
make: Nothing to be done for `all'.
05:05:51 **** Auto Build of configuration Debug for project hdmi_v7 ****
make all 
'Building file: ../src/video_demo.c'
'Invoking: MicroBlaze gcc compiler'
mb-gcc -Wall -O0 -g3 -c -fmessage-length=0 -MT"src/video_demo.o" -I../../hdmi_v7_bsp/microblaze_0/include -mlittle-endian -mxl-barrel-shift -mxl-pattern-compare -mno-xl-soft-div -mcpu=v9.6 -mno-xl-soft-mul -mxl-multiply-high -mhard-float -mxl-float-convert -mxl-float-sqrt -Wl,--no-relax -MMD -MP -MF"src/video_demo.d" -MT"src/video_demo.o" -o "src/video_demo.o" "../src/video_demo.c"
../src/video_demo.c: In function 'main':
../src/video_demo.c:187:2: warning: implicit declaration of function 'puck_block_init' [-Wimplicit-function-declaration]
  puck_block_init();
  ^
'Finished building: ../src/video_demo.c'
' '
'Building target: hdmi_v7.elf'
'Invoking: MicroBlaze gcc linker'
mb-gcc -Wl,-T -Wl,../src/lscript.ld -L../../hdmi_v7_bsp/microblaze_0/lib -mlittle-endian -mxl-barrel-shift -mxl-pattern-compare -mno-xl-soft-div -mcpu=v9.6 -mno-xl-soft-mul -mxl-multiply-high -mhard-float -mxl-float-convert -mxl-float-sqrt -Wl,--no-relax -o "hdmi_v7.elf"  ./src/video_capture/video_capture.o  ./src/userio/userio.o  ./src/timer_ps/timer_ps.o  ./src/intc/intc.o  ./src/iic/iic.o  ./src/dynclk/dynclk.o  ./src/dma/dma.o  ./src/display_ctrl/display_ctrl.o  ./src/audio/audio.o  ./src/demo.o ./src/motor_lib.o ./src/platform.o ./src/puck_block.o ./src/strategy.o ./src/video_demo.o   -Wl,--start-group,-lxil,-lgcc,-lc,--end-group
'Finished building target: hdmi_v7.elf'
' '
'Invoking: MicroBlaze Print Size'
mb-size hdmi_v7.elf  |tee "hdmi_v7.elf.size"
   text	   data	    bss	    dec	    hex	filename
 159084	   2000	18670828	18831912	11f5a28	hdmi_v7.elf
'Finished building: hdmi_v7.elf.size'
' '
05:05:54 **** Incremental Build of configuration Debug for project hdmi_v7 ****
make all 
make: Nothing to be done for `all'.
05:09:17 **** Incremental Build of configuration Debug for project hdmi_v7 ****
make all 
make: Nothing to be done for `all'.
05:11:18 **** Auto Build of configuration Debug for project hdmi_v7 ****
make all 
'Building file: ../src/video_demo.c'
'Invoking: MicroBlaze gcc compiler'
mb-gcc -Wall -O0 -g3 -c -fmessage-length=0 -MT"src/video_demo.o" -I../../hdmi_v7_bsp/microblaze_0/include -mlittle-endian -mxl-barrel-shift -mxl-pattern-compare -mno-xl-soft-div -mcpu=v9.6 -mno-xl-soft-mul -mxl-multiply-high -mhard-float -mxl-float-convert -mxl-float-sqrt -Wl,--no-relax -MMD -MP -MF"src/video_demo.d" -MT"src/video_demo.o" -o "src/video_demo.o" "../src/video_demo.c"
../src/video_demo.c: In function 'main':
../src/video_demo.c:187:2: warning: implicit declaration of function 'puck_block_init' [-Wimplicit-function-declaration]
  puck_block_init();
  ^
'Finished building: ../src/video_demo.c'
' '
'Building target: hdmi_v7.elf'
'Invoking: MicroBlaze gcc linker'
mb-gcc -Wl,-T -Wl,../src/lscript.ld -L../../hdmi_v7_bsp/microblaze_0/lib -mlittle-endian -mxl-barrel-shift -mxl-pattern-compare -mno-xl-soft-div -mcpu=v9.6 -mno-xl-soft-mul -mxl-multiply-high -mhard-float -mxl-float-convert -mxl-float-sqrt -Wl,--no-relax -o "hdmi_v7.elf"  ./src/video_capture/video_capture.o  ./src/userio/userio.o  ./src/timer_ps/timer_ps.o  ./src/intc/intc.o  ./src/iic/iic.o  ./src/dynclk/dynclk.o  ./src/dma/dma.o  ./src/display_ctrl/display_ctrl.o  ./src/audio/audio.o  ./src/demo.o ./src/motor_lib.o ./src/platform.o ./src/puck_block.o ./src/strategy.o ./src/video_demo.o   -Wl,--start-group,-lxil,-lgcc,-lc,--end-group
'Finished building target: hdmi_v7.elf'
' '
'Invoking: MicroBlaze Print Size'
mb-size hdmi_v7.elf  |tee "hdmi_v7.elf.size"
   text	   data	    bss	    dec	    hex	filename
 159084	   2000	18670828	18831912	11f5a28	hdmi_v7.elf
'Finished building: hdmi_v7.elf.size'
' '
05:11:20 **** Incremental Build of configuration Debug for project hdmi_v7 ****
make all 
make: Nothing to be done for `all'.
05:11:50 **** Incremental Build of configuration Debug for project hdmi_v7 ****
make all 
make: Nothing to be done for `all'.
05:13:32 **** Auto Build of configuration Debug for project hdmi_v7 ****
make all 
'Building file: ../src/video_demo.c'
'Invoking: MicroBlaze gcc compiler'
mb-gcc -Wall -O0 -g3 -c -fmessage-length=0 -MT"src/video_demo.o" -I../../hdmi_v7_bsp/microblaze_0/include -mlittle-endian -mxl-barrel-shift -mxl-pattern-compare -mno-xl-soft-div -mcpu=v9.6 -mno-xl-soft-mul -mxl-multiply-high -mhard-float -mxl-float-convert -mxl-float-sqrt -Wl,--no-relax -MMD -MP -MF"src/video_demo.d" -MT"src/video_demo.o" -o "src/video_demo.o" "../src/video_demo.c"
../src/video_demo.c: In function 'main':
../src/video_demo.c:187:2: warning: implicit declaration of function 'puck_block_init' [-Wimplicit-function-declaration]
  puck_block_init();
  ^
'Finished building: ../src/video_demo.c'
' '
'Building target: hdmi_v7.elf'
'Invoking: MicroBlaze gcc linker'
mb-gcc -Wl,-T -Wl,../src/lscript.ld -L../../hdmi_v7_bsp/microblaze_0/lib -mlittle-endian -mxl-barrel-shift -mxl-pattern-compare -mno-xl-soft-div -mcpu=v9.6 -mno-xl-soft-mul -mxl-multiply-high -mhard-float -mxl-float-convert -mxl-float-sqrt -Wl,--no-relax -o "hdmi_v7.elf"  ./src/video_capture/video_capture.o  ./src/userio/userio.o  ./src/timer_ps/timer_ps.o  ./src/intc/intc.o  ./src/iic/iic.o  ./src/dynclk/dynclk.o  ./src/dma/dma.o  ./src/display_ctrl/display_ctrl.o  ./src/audio/audio.o  ./src/demo.o ./src/motor_lib.o ./src/platform.o ./src/puck_block.o ./src/strategy.o ./src/video_demo.o   -Wl,--start-group,-lxil,-lgcc,-lc,--end-group
'Finished building target: hdmi_v7.elf'
' '
'Invoking: MicroBlaze Print Size'
mb-size hdmi_v7.elf  |tee "hdmi_v7.elf.size"
   text	   data	    bss	    dec	    hex	filename
 159052	   2000	18670828	18831880	11f5a08	hdmi_v7.elf
'Finished building: hdmi_v7.elf.size'
' '
05:14:25 **** Incremental Build of configuration Debug for project hdmi_v7 ****
make all 
make: Nothing to be done for `all'.
14:03:49 **** Auto Build of configuration Debug for project hdmi_v7 ****
make all 
'Building file: ../src/video_demo.c'
'Invoking: MicroBlaze gcc compiler'
mb-gcc -Wall -O0 -g3 -c -fmessage-length=0 -MT"src/video_demo.o" -I../../hdmi_v7_bsp/microblaze_0/include -mlittle-endian -mxl-barrel-shift -mxl-pattern-compare -mno-xl-soft-div -mcpu=v9.6 -mno-xl-soft-mul -mxl-multiply-high -mhard-float -mxl-float-convert -mxl-float-sqrt -Wl,--no-relax -MMD -MP -MF"src/video_demo.d" -MT"src/video_demo.o" -o "src/video_demo.o" "../src/video_demo.c"
../src/video_demo.c: In function 'main':
../src/video_demo.c:187:2: warning: implicit declaration of function 'puck_block_init' [-Wimplicit-function-declaration]
  puck_block_init();
  ^
'Finished building: ../src/video_demo.c'
' '
'Building target: hdmi_v7.elf'
'Invoking: MicroBlaze gcc linker'
mb-gcc -Wl,-T -Wl,../src/lscript.ld -L../../hdmi_v7_bsp/microblaze_0/lib -mlittle-endian -mxl-barrel-shift -mxl-pattern-compare -mno-xl-soft-div -mcpu=v9.6 -mno-xl-soft-mul -mxl-multiply-high -mhard-float -mxl-float-convert -mxl-float-sqrt -Wl,--no-relax -o "hdmi_v7.elf"  ./src/video_capture/video_capture.o  ./src/userio/userio.o  ./src/timer_ps/timer_ps.o  ./src/intc/intc.o  ./src/iic/iic.o  ./src/dynclk/dynclk.o  ./src/dma/dma.o  ./src/display_ctrl/display_ctrl.o  ./src/audio/audio.o  ./src/demo.o ./src/motor_lib.o ./src/platform.o ./src/puck_block.o ./src/strategy.o ./src/video_demo.o   -Wl,--start-group,-lxil,-lgcc,-lc,--end-group
'Finished building target: hdmi_v7.elf'
' '
'Invoking: MicroBlaze Print Size'
mb-size hdmi_v7.elf  |tee "hdmi_v7.elf.size"
   text	   data	    bss	    dec	    hex	filename
 159012	   2000	18670828	18831840	11f59e0	hdmi_v7.elf
'Finished building: hdmi_v7.elf.size'
' '
14:03:53 **** Incremental Build of configuration Debug for project hdmi_v7 ****
make all 
make: Nothing to be done for `all'.
14:05:04 **** Incremental Build of configuration Debug for project hdmi_v7 ****
make all 
make: Nothing to be done for `all'.
14:06:21 **** Incremental Build of configuration Debug for project hdmi_v7 ****
make all 
make: Nothing to be done for `all'.
14:08:58 **** Auto Build of configuration Debug for project hdmi_v7 ****
make all 
'Building file: ../src/video_demo.c'
'Invoking: MicroBlaze gcc compiler'
mb-gcc -Wall -O0 -g3 -c -fmessage-length=0 -MT"src/video_demo.o" -I../../hdmi_v7_bsp/microblaze_0/include -mlittle-endian -mxl-barrel-shift -mxl-pattern-compare -mno-xl-soft-div -mcpu=v9.6 -mno-xl-soft-mul -mxl-multiply-high -mhard-float -mxl-float-convert -mxl-float-sqrt -Wl,--no-relax -MMD -MP -MF"src/video_demo.d" -MT"src/video_demo.o" -o "src/video_demo.o" "../src/video_demo.c"
../src/video_demo.c: In function 'main':
../src/video_demo.c:187:2: warning: implicit declaration of function 'puck_block_init' [-Wimplicit-function-declaration]
  puck_block_init();
  ^
'Finished building: ../src/video_demo.c'
' '
'Building target: hdmi_v7.elf'
'Invoking: MicroBlaze gcc linker'
mb-gcc -Wl,-T -Wl,../src/lscript.ld -L../../hdmi_v7_bsp/microblaze_0/lib -mlittle-endian -mxl-barrel-shift -mxl-pattern-compare -mno-xl-soft-div -mcpu=v9.6 -mno-xl-soft-mul -mxl-multiply-high -mhard-float -mxl-float-convert -mxl-float-sqrt -Wl,--no-relax -o "hdmi_v7.elf"  ./src/video_capture/video_capture.o  ./src/userio/userio.o  ./src/timer_ps/timer_ps.o  ./src/intc/intc.o  ./src/iic/iic.o  ./src/dynclk/dynclk.o  ./src/dma/dma.o  ./src/display_ctrl/display_ctrl.o  ./src/audio/audio.o  ./src/demo.o ./src/motor_lib.o ./src/platform.o ./src/puck_block.o ./src/strategy.o ./src/video_demo.o   -Wl,--start-group,-lxil,-lgcc,-lc,--end-group
'Finished building target: hdmi_v7.elf'
' '
'Invoking: MicroBlaze Print Size'
mb-size hdmi_v7.elf  |tee "hdmi_v7.elf.size"
   text	   data	    bss	    dec	    hex	filename
 159504	   2000	18670824	18832328	11f5bc8	hdmi_v7.elf
'Finished building: hdmi_v7.elf.size'
' '
14:09:33 **** Auto Build of configuration Debug for project hdmi_v7 ****
make all 
'Building file: ../src/puck_block.c'
'Invoking: MicroBlaze gcc compiler'
mb-gcc -Wall -O0 -g3 -c -fmessage-length=0 -MT"src/puck_block.o" -I../../hdmi_v7_bsp/microblaze_0/include -mlittle-endian -mxl-barrel-shift -mxl-pattern-compare -mno-xl-soft-div -mcpu=v9.6 -mno-xl-soft-mul -mxl-multiply-high -mhard-float -mxl-float-convert -mxl-float-sqrt -Wl,--no-relax -MMD -MP -MF"src/puck_block.d" -MT"src/puck_block.o" -o "src/puck_block.o" "../src/puck_block.c"
'Finished building: ../src/puck_block.c'
' '
'Building target: hdmi_v7.elf'
'Invoking: MicroBlaze gcc linker'
mb-gcc -Wl,-T -Wl,../src/lscript.ld -L../../hdmi_v7_bsp/microblaze_0/lib -mlittle-endian -mxl-barrel-shift -mxl-pattern-compare -mno-xl-soft-div -mcpu=v9.6 -mno-xl-soft-mul -mxl-multiply-high -mhard-float -mxl-float-convert -mxl-float-sqrt -Wl,--no-relax -o "hdmi_v7.elf"  ./src/video_capture/video_capture.o  ./src/userio/userio.o  ./src/timer_ps/timer_ps.o  ./src/intc/intc.o  ./src/iic/iic.o  ./src/dynclk/dynclk.o  ./src/dma/dma.o  ./src/display_ctrl/display_ctrl.o  ./src/audio/audio.o  ./src/demo.o ./src/motor_lib.o ./src/platform.o ./src/puck_block.o ./src/strategy.o ./src/video_demo.o   -Wl,--start-group,-lxil,-lgcc,-lc,--end-group
'Finished building target: hdmi_v7.elf'
' '
'Invoking: MicroBlaze Print Size'
mb-size hdmi_v7.elf  |tee "hdmi_v7.elf.size"
   text	   data	    bss	    dec	    hex	filename
 159504	   2000	18670824	18832328	11f5bc8	hdmi_v7.elf
'Finished building: hdmi_v7.elf.size'
' '
14:09:46 **** Incremental Build of configuration Debug for project hdmi_v7 ****
make all 
make: Nothing to be done for `all'.
14:10:19 **** Incremental Build of configuration Debug for project hdmi_v7 ****
make all 
make: Nothing to be done for `all'.
14:15:15 **** Auto Build of configuration Debug for project hdmi_v7 ****
make all 
'Building file: ../src/video_demo.c'
'Invoking: MicroBlaze gcc compiler'
mb-gcc -Wall -O0 -g3 -c -fmessage-length=0 -MT"src/video_demo.o" -I../../hdmi_v7_bsp/microblaze_0/include -mlittle-endian -mxl-barrel-shift -mxl-pattern-compare -mno-xl-soft-div -mcpu=v9.6 -mno-xl-soft-mul -mxl-multiply-high -mhard-float -mxl-float-convert -mxl-float-sqrt -Wl,--no-relax -MMD -MP -MF"src/video_demo.d" -MT"src/video_demo.o" -o "src/video_demo.o" "../src/video_demo.c"
../src/video_demo.c: In function 'main':
../src/video_demo.c:187:2: warning: implicit declaration of function 'puck_block_init' [-Wimplicit-function-declaration]
  puck_block_init();
  ^
'Finished building: ../src/video_demo.c'
' '
'Building target: hdmi_v7.elf'
'Invoking: MicroBlaze gcc linker'
mb-gcc -Wl,-T -Wl,../src/lscript.ld -L../../hdmi_v7_bsp/microblaze_0/lib -mlittle-endian -mxl-barrel-shift -mxl-pattern-compare -mno-xl-soft-div -mcpu=v9.6 -mno-xl-soft-mul -mxl-multiply-high -mhard-float -mxl-float-convert -mxl-float-sqrt -Wl,--no-relax -o "hdmi_v7.elf"  ./src/video_capture/video_capture.o  ./src/userio/userio.o  ./src/timer_ps/timer_ps.o  ./src/intc/intc.o  ./src/iic/iic.o  ./src/dynclk/dynclk.o  ./src/dma/dma.o  ./src/display_ctrl/display_ctrl.o  ./src/audio/audio.o  ./src/demo.o ./src/motor_lib.o ./src/platform.o ./src/puck_block.o ./src/strategy.o ./src/video_demo.o   -Wl,--start-group,-lxil,-lgcc,-lc,--end-group
'Finished building target: hdmi_v7.elf'
' '
'Invoking: MicroBlaze Print Size'
mb-size hdmi_v7.elf  |tee "hdmi_v7.elf.size"
   text	   data	    bss	    dec	    hex	filename
 159504	   2000	18670824	18832328	11f5bc8	hdmi_v7.elf
'Finished building: hdmi_v7.elf.size'
' '
14:15:36 **** Auto Build of configuration Debug for project hdmi_v7 ****
make all 
'Building file: ../src/puck_block.c'
'Invoking: MicroBlaze gcc compiler'
mb-gcc -Wall -O0 -g3 -c -fmessage-length=0 -MT"src/puck_block.o" -I../../hdmi_v7_bsp/microblaze_0/include -mlittle-endian -mxl-barrel-shift -mxl-pattern-compare -mno-xl-soft-div -mcpu=v9.6 -mno-xl-soft-mul -mxl-multiply-high -mhard-float -mxl-float-convert -mxl-float-sqrt -Wl,--no-relax -MMD -MP -MF"src/puck_block.d" -MT"src/puck_block.o" -o "src/puck_block.o" "../src/puck_block.c"
'Finished building: ../src/puck_block.c'
' '
'Building target: hdmi_v7.elf'
'Invoking: MicroBlaze gcc linker'
mb-gcc -Wl,-T -Wl,../src/lscript.ld -L../../hdmi_v7_bsp/microblaze_0/lib -mlittle-endian -mxl-barrel-shift -mxl-pattern-compare -mno-xl-soft-div -mcpu=v9.6 -mno-xl-soft-mul -mxl-multiply-high -mhard-float -mxl-float-convert -mxl-float-sqrt -Wl,--no-relax -o "hdmi_v7.elf"  ./src/video_capture/video_capture.o  ./src/userio/userio.o  ./src/timer_ps/timer_ps.o  ./src/intc/intc.o  ./src/iic/iic.o  ./src/dynclk/dynclk.o  ./src/dma/dma.o  ./src/display_ctrl/display_ctrl.o  ./src/audio/audio.o  ./src/demo.o ./src/motor_lib.o ./src/platform.o ./src/puck_block.o ./src/strategy.o ./src/video_demo.o   -Wl,--start-group,-lxil,-lgcc,-lc,--end-group
'Finished building target: hdmi_v7.elf'
' '
'Invoking: MicroBlaze Print Size'
mb-size hdmi_v7.elf  |tee "hdmi_v7.elf.size"
   text	   data	    bss	    dec	    hex	filename
 159504	   2000	18670824	18832328	11f5bc8	hdmi_v7.elf
'Finished building: hdmi_v7.elf.size'
' '
14:16:17 **** Incremental Build of configuration Debug for project hdmi_v7 ****
make all 
make: Nothing to be done for `all'.
14:25:38 **** Auto Build of configuration Debug for project hdmi_v7 ****
make all 
'Building file: ../src/puck_block.c'
'Invoking: MicroBlaze gcc compiler'
mb-gcc -Wall -O0 -g3 -c -fmessage-length=0 -MT"src/puck_block.o" -I../../hdmi_v7_bsp/microblaze_0/include -mlittle-endian -mxl-barrel-shift -mxl-pattern-compare -mno-xl-soft-div -mcpu=v9.6 -mno-xl-soft-mul -mxl-multiply-high -mhard-float -mxl-float-convert -mxl-float-sqrt -Wl,--no-relax -MMD -MP -MF"src/puck_block.d" -MT"src/puck_block.o" -o "src/puck_block.o" "../src/puck_block.c"
'Finished building: ../src/puck_block.c'
' '
'Building target: hdmi_v7.elf'
'Invoking: MicroBlaze gcc linker'
mb-gcc -Wl,-T -Wl,../src/lscript.ld -L../../hdmi_v7_bsp/microblaze_0/lib -mlittle-endian -mxl-barrel-shift -mxl-pattern-compare -mno-xl-soft-div -mcpu=v9.6 -mno-xl-soft-mul -mxl-multiply-high -mhard-float -mxl-float-convert -mxl-float-sqrt -Wl,--no-relax -o "hdmi_v7.elf"  ./src/video_capture/video_capture.o  ./src/userio/userio.o  ./src/timer_ps/timer_ps.o  ./src/intc/intc.o  ./src/iic/iic.o  ./src/dynclk/dynclk.o  ./src/dma/dma.o  ./src/display_ctrl/display_ctrl.o  ./src/audio/audio.o  ./src/demo.o ./src/motor_lib.o ./src/platform.o ./src/puck_block.o ./src/strategy.o ./src/video_demo.o   -Wl,--start-group,-lxil,-lgcc,-lc,--end-group
'Finished building target: hdmi_v7.elf'
' '
'Invoking: MicroBlaze Print Size'
mb-size hdmi_v7.elf  |tee "hdmi_v7.elf.size"
   text	   data	    bss	    dec	    hex	filename
 159504	   2000	18670824	18832328	11f5bc8	hdmi_v7.elf
'Finished building: hdmi_v7.elf.size'
' '
14:26:51 **** Incremental Build of configuration Debug for project hdmi_v7 ****
make all 
make: Nothing to be done for `all'.
15:03:50 **** Incremental Build of configuration Debug for project hdmi_v7 ****
make all 
make: Nothing to be done for `all'.
