Copyright 1986-2016 Xilinx, Inc. All Rights Reserved.
-------------------------------------------------------------------------------------------------------------------
| Tool Version : Vivado v.2016.2 (win64) Build 1577090 Thu Jun  2 16:32:40 MDT 2016
| Date         : Thu Mar 30 20:24:36 2017
| Host         : RLIN-GAMING running 64-bit major release  (build 9200)
| Command      : report_utilization -file hdmi_wrapper_utilization_synth.rpt -pb hdmi_wrapper_utilization_synth.pb
| Design       : hdmi_wrapper
| Device       : 7a200tsbg484-1
| Design State : Synthesized
-------------------------------------------------------------------------------------------------------------------

Utilization Design Information

Table of Contents
-----------------
1. Slice Logic
1.1 Summary of Registers by Type
2. Memory
3. DSP
4. IO and GT Specific
5. Clocking
6. Specific Feature
7. Primitives
8. Black Boxes
9. Instantiated Netlists

1. Slice Logic
--------------

+----------------------------+-------+-------+-----------+-------+
|          Site Type         |  Used | Fixed | Available | Util% |
+----------------------------+-------+-------+-----------+-------+
| Slice LUTs*                | 44473 |     0 |    134600 | 33.04 |
|   LUT as Logic             | 40437 |     0 |    134600 | 30.04 |
|   LUT as Memory            |  4036 |     0 |     46200 |  8.74 |
|     LUT as Distributed RAM |  2408 |     0 |           |       |
|     LUT as Shift Register  |  1628 |     0 |           |       |
| Slice Registers            | 48306 |     0 |    269200 | 17.94 |
|   Register as Flip Flop    | 48271 |     0 |    269200 | 17.93 |
|   Register as Latch        |    32 |     0 |    269200 |  0.01 |
|   Register as AND/OR       |     3 |     0 |    269200 | <0.01 |
| F7 Muxes                   |  1618 |     0 |     67300 |  2.40 |
| F8 Muxes                   |    71 |     0 |     33650 |  0.21 |
+----------------------------+-------+-------+-----------+-------+
* Warning! The Final LUT count, after physical optimizations and full implementation, is typically lower. Run opt_design after synthesis, if not already completed, for a more realistic count.


1.1 Summary of Registers by Type
--------------------------------

+-------+--------------+-------------+--------------+
| Total | Clock Enable | Synchronous | Asynchronous |
+-------+--------------+-------------+--------------+
| 3     |            _ |           - |            - |
| 0     |            _ |           - |          Set |
| 0     |            _ |           - |        Reset |
| 0     |            _ |         Set |            - |
| 0     |            _ |       Reset |            - |
| 0     |          Yes |           - |            - |
| 349   |          Yes |           - |          Set |
| 1108  |          Yes |           - |        Reset |
| 1363  |          Yes |         Set |            - |
| 45483 |          Yes |       Reset |            - |
+-------+--------------+-------------+--------------+


2. Memory
---------

+-------------------+------+-------+-----------+-------+
|     Site Type     | Used | Fixed | Available | Util% |
+-------------------+------+-------+-----------+-------+
| Block RAM Tile    |   74 |     0 |       365 | 20.27 |
|   RAMB36/FIFO*    |   70 |     0 |       365 | 19.18 |
|     FIFO36E1 only |    9 |       |           |       |
|     RAMB36E1 only |   61 |       |           |       |
|   RAMB18          |    8 |     0 |       730 |  1.10 |
|     RAMB18E1 only |    8 |       |           |       |
+-------------------+------+-------+-----------+-------+
* Note: Each Block RAM Tile only has one FIFO logic available and therefore can accommodate only one FIFO36E1 or one FIFO18E1. However, if a FIFO18E1 occupies a Block RAM Tile, that tile can still accommodate a RAMB18E1


3. DSP
------

+----------------+------+-------+-----------+-------+
|    Site Type   | Used | Fixed | Available | Util% |
+----------------+------+-------+-----------+-------+
| DSPs           |    9 |     0 |       740 |  1.22 |
|   DSP48E1 only |    9 |       |           |       |
+----------------+------+-------+-----------+-------+


4. IO and GT Specific
---------------------

+-----------------------------+------+-------+-----------+-------+
|          Site Type          | Used | Fixed | Available | Util% |
+-----------------------------+------+-------+-----------+-------+
| Bonded IOB                  |  106 |     0 |       285 | 37.19 |
| Bonded IPADs                |    0 |     0 |        14 |  0.00 |
| Bonded OPADs                |    0 |     0 |         8 |  0.00 |
| PHY_CONTROL                 |    1 |     0 |        10 | 10.00 |
| PHASER_REF                  |    1 |     0 |        10 | 10.00 |
| OUT_FIFO                    |    4 |     0 |        40 | 10.00 |
| IN_FIFO                     |    2 |     0 |        40 |  5.00 |
| IDELAYCTRL                  |    2 |     0 |        10 | 20.00 |
| IBUFDS                      |    4 |     0 |       274 |  1.46 |
| GTPE2_CHANNEL               |    0 |     0 |         4 |  0.00 |
| PHASER_OUT/PHASER_OUT_PHY   |    4 |     0 |        40 | 10.00 |
|   PHASER_OUT_PHY only       |    4 |     0 |           |       |
| PHASER_IN/PHASER_IN_PHY     |    2 |     0 |        40 |  5.00 |
|   PHASER_IN_PHY only        |    2 |     0 |           |       |
| IDELAYE2/IDELAYE2_FINEDELAY |   19 |     0 |       500 |  3.80 |
|   IDELAYE2 only             |   19 |     0 |           |       |
| IBUFDS_GTE2                 |    0 |     0 |         2 |  0.00 |
| ILOGIC                      |   24 |     0 |       285 |  8.42 |
|   ISERDES                   |   22 |       |           |       |
|   IDDR                      |    2 |       |           |       |
| OLOGIC                      |   57 |     0 |       285 | 20.00 |
|   OSERDES                   |   51 |       |           |       |
|   ODDR                      |    6 |       |           |       |
+-----------------------------+------+-------+-----------+-------+


5. Clocking
-----------

+--------------+------+-------+-----------+-------+
|   Site Type  | Used | Fixed | Available | Util% |
+--------------+------+-------+-----------+-------+
| BUFGCTRL     |   12 |     0 |        32 | 37.50 |
| BUFIO        |    2 |     0 |        40 |  5.00 |
|   BUFIO only |    2 |     0 |           |       |
| MMCME2_ADV   |    3 |     0 |        10 | 30.00 |
| PLLE2_ADV    |    2 |     0 |        10 | 20.00 |
| BUFMRCE      |    1 |     0 |        20 |  5.00 |
| BUFHCE       |    1 |     0 |       120 |  0.83 |
| BUFR         |    2 |     0 |        40 |  5.00 |
+--------------+------+-------+-----------+-------+


6. Specific Feature
-------------------

+-------------+------+-------+-----------+--------+
|  Site Type  | Used | Fixed | Available |  Util% |
+-------------+------+-------+-----------+--------+
| BSCANE2     |    1 |     0 |         4 |  25.00 |
| CAPTUREE2   |    0 |     0 |         1 |   0.00 |
| DNA_PORT    |    0 |     0 |         1 |   0.00 |
| EFUSE_USR   |    0 |     0 |         1 |   0.00 |
| FRAME_ECCE2 |    0 |     0 |         1 |   0.00 |
| ICAPE2      |    0 |     0 |         2 |   0.00 |
| PCIE_2_1    |    0 |     0 |         1 |   0.00 |
| STARTUPE2   |    0 |     0 |         1 |   0.00 |
| XADC        |    1 |     0 |         1 | 100.00 |
+-------------+------+-------+-----------+--------+


7. Primitives
-------------

+--------------------------+-------+---------------------+
|         Ref Name         |  Used | Functional Category |
+--------------------------+-------+---------------------+
| FDRE                     | 45483 |        Flop & Latch |
| LUT6                     | 12578 |                 LUT |
| LUT3                     |  8997 |                 LUT |
| LUT5                     |  7749 |                 LUT |
| LUT4                     |  6857 |                 LUT |
| LUT2                     |  3979 |                 LUT |
| MUXF7                    |  1618 |               MuxFx |
| CARRY4                   |  1398 |          CarryLogic |
| FDSE                     |  1363 |        Flop & Latch |
| SRL16E                   |  1273 |  Distributed Memory |
| LUT1                     |  1237 |                 LUT |
| RAMD32                   |  1180 |  Distributed Memory |
| RAMD64E                  |  1088 |  Distributed Memory |
| FDCE                     |  1076 |        Flop & Latch |
| RAMS32                   |   884 |  Distributed Memory |
| SRLC32E                  |   502 |  Distributed Memory |
| FDPE                     |   349 |        Flop & Latch |
| MUXF8                    |    71 |               MuxFx |
| RAMB36E1                 |    61 |        Block Memory |
| OSERDESE2                |    51 |                  IO |
| OBUF                     |    45 |                  IO |
| LDCE                     |    32 |        Flop & Latch |
| OBUFT                    |    22 |                  IO |
| ISERDESE2                |    22 |                  IO |
| IBUF                     |    21 |                  IO |
| IDELAYE2                 |    19 |                  IO |
| IBUF_INTERMDISABLE       |    16 |                  IO |
| BUFG                     |    12 |               Clock |
| SRLC16E                  |     9 |  Distributed Memory |
| FIFO36E1                 |     9 |        Block Memory |
| DSP48E1                  |     9 |    Block Arithmetic |
| RAMB18E1                 |     8 |        Block Memory |
| ODDR                     |     6 |                  IO |
| OBUFDS                   |     6 |                  IO |
| PHASER_OUT_PHY           |     4 |                  IO |
| OUT_FIFO                 |     4 |                  IO |
| OBUFTDS                  |     4 |                  IO |
| IBUFDS_INTERMDISABLE_INT |     4 |                  IO |
| IBUFDS                   |     4 |                  IO |
| MMCME2_ADV               |     3 |               Clock |
| INV                      |     3 |                 LUT |
| AND2B1L                  |     3 |              Others |
| PLLE2_ADV                |     2 |               Clock |
| PHASER_IN_PHY            |     2 |                  IO |
| IN_FIFO                  |     2 |                  IO |
| IDELAYCTRL               |     2 |                  IO |
| IDDR                     |     2 |                  IO |
| BUFR                     |     2 |               Clock |
| BUFIO                    |     2 |               Clock |
| XADC                     |     1 |              Others |
| PHY_CONTROL              |     1 |                  IO |
| PHASER_REF               |     1 |                  IO |
| BUFMR                    |     1 |               Clock |
| BUFH                     |     1 |               Clock |
| BSCANE2                  |     1 |              Others |
+--------------------------+-------+---------------------+


8. Black Boxes
--------------

+------------+------+
|  Ref Name  | Used |
+------------+------+
| dbg_hub_CV |    1 |
+------------+------+


9. Instantiated Netlists
------------------------

+----------+------+
| Ref Name | Used |
+----------+------+


